Component: ARM Compiler 5.06 update 6 (build 750) Tool: armlink [4d35ed]

==============================================================================

Section Cross References

    startup_stm32f407xx.o(RESET) refers to startup_stm32f407xx.o(STACK) for __initial_sp
    startup_stm32f407xx.o(RESET) refers to startup_stm32f407xx.o(.text) for Reset_Handler
    startup_stm32f407xx.o(RESET) refers to stm32f4xx_it.o(i.NMI_Handler) for NMI_Handler
    startup_stm32f407xx.o(RESET) refers to stm32f4xx_it.o(i.HardFault_Handler) for HardFault_Handler
    startup_stm32f407xx.o(RESET) refers to stm32f4xx_it.o(i.MemManage_Handler) for MemManage_Handler
    startup_stm32f407xx.o(RESET) refers to stm32f4xx_it.o(i.BusFault_Handler) for BusFault_Handler
    startup_stm32f407xx.o(RESET) refers to stm32f4xx_it.o(i.UsageFault_Handler) for UsageFault_Handler
    startup_stm32f407xx.o(RESET) refers to stm32f4xx_it.o(i.SVC_Handler) for SVC_Handler
    startup_stm32f407xx.o(RESET) refers to stm32f4xx_it.o(i.DebugMon_Handler) for DebugMon_Handler
    startup_stm32f407xx.o(RESET) refers to stm32f4xx_it.o(i.PendSV_Handler) for PendSV_Handler
    startup_stm32f407xx.o(RESET) refers to stm32f4xx_it.o(i.SysTick_Handler) for SysTick_Handler
    startup_stm32f407xx.o(.text) refers to system_stm32f4xx.o(i.SystemInit) for SystemInit
    startup_stm32f407xx.o(.text) refers to entry.o(.ARM.Collect$$$$00000000) for __main
    main.o(i.SystemClock_Config) refers to stm32f4xx_hal_rcc.o(i.HAL_RCC_OscConfig) for HAL_RCC_OscConfig
    main.o(i.SystemClock_Config) refers to stm32f4xx_hal_rcc.o(i.HAL_RCC_ClockConfig) for HAL_RCC_ClockConfig
    main.o(i.SystemClock_Config) refers to stm32f4xx_hal_rcc.o(i.HAL_RCC_EnableCSS) for HAL_RCC_EnableCSS
    main.o(i.SystemClock_Config) refers to stm32f4xx_hal_rcc.o(i.HAL_RCC_GetHCLKFreq) for HAL_RCC_GetHCLKFreq
    main.o(i.SystemClock_Config) refers to stm32f4xx_hal_cortex.o(i.HAL_SYSTICK_Config) for HAL_SYSTICK_Config
    main.o(i.SystemClock_Config) refers to stm32f4xx_hal_cortex.o(i.HAL_SYSTICK_CLKSourceConfig) for HAL_SYSTICK_CLKSourceConfig
    main.o(i.SystemClock_Config) refers to stm32f4xx_hal_cortex.o(i.HAL_NVIC_SetPriority) for HAL_NVIC_SetPriority
    main.o(i.main) refers to stm32f4xx_hal.o(i.HAL_Init) for HAL_Init
    main.o(i.main) refers to main.o(i.SystemClock_Config) for SystemClock_Config
    main.o(i.main) refers to gpio.o(i.MX_GPIO_Init) for MX_GPIO_Init
    main.o(i.main) refers to i2c.o(i.MX_I2C1_Init) for MX_I2C1_Init
    main.o(i.main) refers to usart.o(i.MX_USART1_UART_Init) for MX_USART1_UART_Init
    main.o(i.main) refers to printfa.o(i.__0printf) for __2printf
    main.o(i.main) refers to mpu6050.o(i.MPU_6050_Init) for MPU_6050_Init
    main.o(i.main) refers to mpu6050.o(i.mpu_dmp_init) for mpu_dmp_init
    main.o(i.main) refers to mpu6050.o(i.mpu_dmp_get_data) for mpu_dmp_get_data
    main.o(i.main) refers to stm32f4xx_hal.o(i.HAL_Delay) for HAL_Delay
    main.o(i.main) refers to f2d.o(.text) for __aeabi_f2d
    main.o(i.main) refers to mpu6050.o(.data) for yaw
    main.o(i.main) refers to mpu6050.o(.data) for roll
    main.o(i.main) refers to mpu6050.o(.data) for pitch
    gpio.o(i.MX_GPIO_Init) refers to stm32f4xx_hal_gpio.o(i.HAL_GPIO_Init) for HAL_GPIO_Init
    i2c.o(i.HAL_I2C_MspDeInit) refers to stm32f4xx_hal_gpio.o(i.HAL_GPIO_DeInit) for HAL_GPIO_DeInit
    i2c.o(i.HAL_I2C_MspInit) refers to stm32f4xx_hal_gpio.o(i.HAL_GPIO_Init) for HAL_GPIO_Init
    i2c.o(i.MX_I2C1_Init) refers to stm32f4xx_hal_i2c.o(i.HAL_I2C_Init) for HAL_I2C_Init
    i2c.o(i.MX_I2C1_Init) refers to main.o(i._Error_Handler) for _Error_Handler
    i2c.o(i.MX_I2C1_Init) refers to i2c.o(.bss) for .bss
    usart.o(i.HAL_UART_MspDeInit) refers to stm32f4xx_hal_gpio.o(i.HAL_GPIO_DeInit) for HAL_GPIO_DeInit
    usart.o(i.HAL_UART_MspInit) refers to stm32f4xx_hal_gpio.o(i.HAL_GPIO_Init) for HAL_GPIO_Init
    usart.o(i.MX_USART1_UART_Init) refers to stm32f4xx_hal_uart.o(i.HAL_UART_Init) for HAL_UART_Init
    usart.o(i.MX_USART1_UART_Init) refers to main.o(i._Error_Handler) for _Error_Handler
    usart.o(i.MX_USART1_UART_Init) refers to usart.o(.bss) for .bss
    usart.o(i.fputc) refers to stm32f4xx_hal_uart.o(i.HAL_UART_Transmit) for HAL_UART_Transmit
    usart.o(i.fputc) refers to usart.o(.bss) for .bss
    stm32f4xx_it.o(i.NMI_Handler) refers to stm32f4xx_hal_rcc.o(i.HAL_RCC_NMI_IRQHandler) for HAL_RCC_NMI_IRQHandler
    stm32f4xx_it.o(i.SysTick_Handler) refers to stm32f4xx_hal.o(i.HAL_IncTick) for HAL_IncTick
    stm32f4xx_it.o(i.SysTick_Handler) refers to stm32f4xx_hal_cortex.o(i.HAL_SYSTICK_IRQHandler) for HAL_SYSTICK_IRQHandler
    stm32f4xx_hal_msp.o(i.HAL_MspInit) refers to stm32f4xx_hal_cortex.o(i.HAL_NVIC_SetPriorityGrouping) for HAL_NVIC_SetPriorityGrouping
    stm32f4xx_hal_msp.o(i.HAL_MspInit) refers to stm32f4xx_hal_cortex.o(i.HAL_NVIC_SetPriority) for HAL_NVIC_SetPriority
    inv_mpu_dmp_motion_driver.o(i.dmp_enable_6x_lp_quat) refers to memseta.o(.text) for __aeabi_memset
[...]
    Removing stm32f4xx_hal_uart.o(i.UART_DMARxOnlyAbortCallback), (20 bytes).
    Removing stm32f4xx_hal_uart.o(i.UART_DMATransmitCplt), (46 bytes).
    Removing stm32f4xx_hal_uart.o(i.UART_DMATxAbortCallback), (42 bytes).
    Removing stm32f4xx_hal_uart.o(i.UART_DMATxHalfCplt), (10 bytes).
    Removing stm32f4xx_hal_uart.o(i.UART_DMATxOnlyAbortCallback), (20 bytes).
    Removing stm32f4xx_hal_uart.o(i.UART_EndRxTransfer), (28 bytes).
    Removing stm32f4xx_hal_uart.o(i.UART_EndTxTransfer), (18 bytes).
    Removing stm32f4xx_hal_uart.o(i.UART_Receive_IT), (140 bytes).
    Removing stm32f4xx_hal_uart.o(i.UART_Transmit_IT), (98 bytes).
    Removing system_stm32f4xx.o(.rev16_text), (4 bytes).
    Removing system_stm32f4xx.o(.revsh_text), (4 bytes).
    Removing system_stm32f4xx.o(.rrx_text), (6 bytes).
    Removing system_stm32f4xx.o(i.SystemCoreClockUpdate), (120 bytes).
    Removing dflti.o(.text), (34 bytes).
    Removing dneg.o(.text), (6 bytes).
    Removing cdcmple.o(.text), (48 bytes).

350 unused section(s) (total 27236 bytes) removed from the image.

==============================================================================

Image Symbol Table

    Local Symbols

    Symbol Name                              Value     Ov Type        Size  Object(Section)

    ../Drivers/STM32F4xx_HAL_Driver/Src/stm32f4xx_hal.c 0x00000000   Number         0  stm32f4xx_hal.o ABSOLUTE
    ../Drivers/STM32F4xx_HAL_Driver/Src/stm32f4xx_hal_cortex.c 0x00000000   Number         0  stm32f4xx_hal_cortex.o ABSOLUTE
    ../Drivers/STM32F4xx_HAL_Driver/Src/stm32f4xx_hal_dma.c 0x00000000   Number         0  stm32f4xx_hal_dma.o ABSOLUTE
    ../Drivers/STM32F4xx_HAL_Driver/Src/stm32f4xx_hal_dma_ex.c 0x00000000   Number         0  stm32f4xx_hal_dma_ex.o ABSOLUTE
    ../Drivers/STM32F4xx_HAL_Driver/Src/stm32f4xx_hal_flash.c 0x00000000   Number         0  stm32f4xx_hal_flash.o ABSOLUTE
    ../Drivers/STM32F4xx_HAL_Driver/Src/stm32f4xx_hal_flash_ex.c 0x00000000   Number         0  stm32f4xx_hal_flash_ex.o ABSOLUTE
    ../Drivers/STM32F4xx_HAL_Driver/Src/stm32f4xx_hal_flash_ramfunc.c 0x00000000   Number         0  stm32f4xx_hal_flash_ramfunc.o ABSOLUTE
    ../Drivers/STM32F4xx_HAL_Driver/Src/stm32f4xx_hal_gpio.c 0x00000000   Number         0  stm32f4xx_hal_gpio.o ABSOLUTE
    ../Drivers/STM32F4xx_HAL_Driver/Src/stm32f4xx_hal_i2c.c 0x00000000   Number         0  stm32f4xx_hal_i2c.o ABSOLUTE
    ../Drivers/STM32F4xx_HAL_Driver/Src/stm32f4xx_hal_i2c_ex.c 0x00000000   Number         0  stm32f4xx_hal_i2c_ex.o ABSOLUTE
    ../Drivers/STM32F4xx_HAL_Driver/Src/stm32f4xx_hal_pwr.c 0x00000000   Number         0  stm32f4xx_hal_pwr.o ABSOLUTE
    ../Drivers/STM32F4xx_HAL_Driver/Src/stm32f4xx_hal_pwr_ex.c 0x00000000   Number         0  stm32f4xx_hal_pwr_ex.o ABSOLUTE
    ../Drivers/STM32F4xx_HAL_Driver/Src/stm32f4xx_hal_rcc.c 0x00000000   Number         0  stm32f4xx_hal_rcc.o ABSOLUTE
    ../Drivers/STM32F4xx_HAL_Driver/Src/stm32f4xx_hal_rcc_ex.c 0x00000000   Number         0  stm32f4xx_hal_rcc_ex.o ABSOLUTE
    ../Drivers/STM32F4xx_HAL_Driver/Src/stm32f4xx_hal_tim.c 0x00000000   Number         0  stm32f4xx_hal_tim.o ABSOLUTE
    ../Drivers/STM32F4xx_HAL_Driver/Src/stm32f4xx_hal_tim_ex.c 0x00000000   Number         0  stm32f4xx_hal_tim_ex.o ABSOLUTE
    ../Drivers/STM32F4xx_HAL_Driver/Src/stm32f4xx_hal_uart.c 0x00000000   Number         0  stm32f4xx_hal_uart.o ABSOLUTE
    ../Src/gpio.c                            0x00000000   Number         0  gpio.o ABSOLUTE
    ../Src/i2c.c                             0x00000000   Number         0  i2c.o ABSOLUTE
    ../Src/main.c                            0x00000000   Number         0  main.o ABSOLUTE
    ../Src/stm32f4xx_hal_msp.c               0x00000000   Number         0  stm32f4xx_hal_msp.o ABSOLUTE
    ../Src/stm32f4xx_it.c                    0x00000000   Number         0  stm32f4xx_it.o ABSOLUTE
    ../Src/system_stm32f4xx.c                0x00000000   Number         0  system_stm32f4xx.o ABSOLUTE
    ../Src/usart.c                           0x00000000   Number         0  usart.o ABSOLUTE
    ../clib/microlib/division.c              0x00000000   Number         0  uldiv.o ABSOLUTE
    ../clib/microlib/division.c              0x00000000   Number         0  ldiv.o ABSOLUTE
    ../clib/microlib/division.c              0x00000000   Number         0  uidiv.o ABSOLUTE
    ../clib/microlib/errno.c                 0x00000000   Number         0  errno.o ABSOLUTE
    ../clib/microlib/init/entry.s            0x00000000   Number         0  entry10b.o ABSOLUTE
    ../clib/microlib/init/entry.s            0x00000000   Number         0  entry10a.o ABSOLUTE
    ../clib/microlib/init/entry.s            0x00000000   Number         0  entry7b.o ABSOLUTE
    ../clib/microlib/init/entry.s            0x00000000   Number         0  entry7a.o ABSOLUTE
    ../clib/microlib/init/entry.s            0x00000000   Number         0  entry5.o ABSOLUTE
    ../clib/microlib/init/entry.s            0x00000000   Number         0  entry8a.o ABSOLUTE
    ../clib/microlib/init/entry.s            0x00000000   Number         0  entry.o ABSOLUTE
    ../clib/microlib/init/entry.s            0x00000000   Number         0  entry11b.o ABSOLUTE
    ../clib/microlib/init/entry.s            0x00000000   Number         0  entry2.o ABSOLUTE
    ../clib/microlib/init/entry.s            0x00000000   Number         0  entry11a.o ABSOLUTE
    ../clib/microlib/init/entry.s            0x00000000   Number         0  entry9a.o ABSOLUTE
    ../clib/microlib/init/entry.s            0x00000000   Number         0  entry8b.o ABSOLUTE
    ../clib/microlib/init/entry.s            0x00000000   Number         0  entry9b.o ABSOLUTE
    ../clib/microlib/longlong.c              0x00000000   Number         0  llsshr.o ABSOLUTE
    ../clib/microlib/longlong.c              0x00000000   Number         0  llushr.o ABSOLUTE
    ../clib/microlib/longlong.c              0x00000000   Number         0  llshl.o ABSOLUTE
    ../clib/microlib/printf/printf.c         0x00000000   Number         0  printf4.o ABSOLUTE
    ../clib/microlib/printf/printf.c         0x00000000   Number         0  printf3.o ABSOLUTE
    ../clib/microlib/printf/printf.c         0x00000000   Number         0  printf1.o ABSOLUTE
    ../clib/microlib/printf/printf.c         0x00000000   Number         0  printf0.o ABSOLUTE
    ../clib/microlib/printf/printf.c         0x00000000   Number         0  printf2.o ABSOLUTE
    ../clib/microlib/printf/printf.c         0x00000000   Number         0  printfb.o ABSOLUTE
    ../clib/microlib/printf/printf.c         0x00000000   Number         0  printf5.o ABSOLUTE
    ../clib/microlib/printf/printf.c         0x00000000   Number         0  printf7.o ABSOLUTE
    ../clib/microlib/printf/printf.c         0x00000000   Number         0  printf8.o ABSOLUTE
    ../clib/microlib/printf/printf.c         0x00000000   Number         0  printfa.o ABSOLUTE
    ../clib/microlib/printf/printf.c         0x00000000   Number         0  printf6.o ABSOLUTE
    ../clib/microlib/printf/stubs.s          0x00000000   Number         0  stubs.o ABSOLUTE
    ../clib/microlib/stdio/streams.c         0x00000000   Number         0  stdout.o ABSOLUTE
    ../clib/microlib/string/memcmp.c         0x00000000   Number         0  memcmp.o ABSOLUTE
    ../clib/microlib/string/memset.c         0x00000000   Number         0  memseta.o ABSOLUTE
    ../clib/microlib/stubs.s                 0x00000000   Number         0  iusefp.o ABSOLUTE
    ../fplib/microlib/d2f.c                  0x00000000   Number         0  d2f.o ABSOLUTE
    ../fplib/microlib/f2d.c                  0x00000000   Number         0  f2d.o ABSOLUTE
    ../fplib/microlib/fpadd.c                0x00000000   Number         0  dadd.o ABSOLUTE
    ../fplib/microlib/fpdiv.c                0x00000000   Number         0  ddiv.o ABSOLUTE
    ../fplib/microlib/fpepilogue.c           0x00000000   Number         0  depilogue.o ABSOLUTE
    ../fplib/microlib/fpepilogue.c           0x00000000   Number         0  fepilogue.o ABSOLUTE
    ../fplib/microlib/fpfix.c                0x00000000   Number         0  dfixul.o ABSOLUTE
    ../fplib/microlib/fpflt.c                0x00000000   Number         0  dflti.o ABSOLUTE
    ../fplib/microlib/fpmul.c                0x00000000   Number         0  dmul.o ABSOLUTE
    ../fplib/microlib/fpneg.c                0x00000000   Number         0  dneg.o ABSOLUTE
    ../fplib/microlib/fpsqrt.c               0x00000000   Number         0  dsqrt.o ABSOLUTE
    ../mathlib/asin.c                        0x00000000   Number         0  asin.o ABSOLUTE
    ../mathlib/asin.c                        0x00000000   Number         0  asin_x.o ABSOLUTE
    ../mathlib/atan.c                        0x00000000   Number         0  atan.o ABSOLUTE
    ../mathlib/atan.c                        0x00000000   Number         0  atan_x.o ABSOLUTE
    ../mathlib/atan2.c                       0x00000000   Number         0  atan2_x.o ABSOLUTE
    ../mathlib/atan2.c                       0x00000000   Number         0  atan2.o ABSOLUTE
    ../mathlib/dunder.c                      0x00000000   Number         0  dunder.o ABSOLUTE
    ../mathlib/fabs.c                        0x00000000   Number         0  fabs.o ABSOLUTE
    ../mathlib/fpclassify.c                  0x00000000   Number         0  fpclassify.o ABSOLUTE
    ../mathlib/poly.c                        0x00000000   Number         0  poly.o ABSOLUTE
    ../mathlib/qnan.c                        0x00000000   Number         0  qnan.o ABSOLUTE
    ../mathlib/sqrt.c                        0x00000000   Number         0  sqrt.o ABSOLUTE
    ../mathlib/sqrt.c                        0x00000000   Number         0  sqrt_x.o ABSOLUTE
    ..\Drivers\STM32F4xx_HAL_Driver\Src\stm32f4xx_hal.c 0x00000000   Number         0  stm32f4xx_hal.o ABSOLUTE
    ..\Drivers\STM32F4xx_HAL_Driver\Src\stm32f4xx_hal_cortex.c 0x00000000   Number         0  stm32f4xx_hal_cortex.o ABSOLUTE
    ..\Drivers\STM32F4xx_HAL_Driver\Src\stm32f4xx_hal_dma.c 0x00000000   Number         0  stm32f4xx_hal_dma.o ABSOLUTE
    ..\Drivers\STM32F4xx_HAL_Driver\Src\stm32f4xx_hal_dma_ex.c 0x00000000   Number         0  stm32f4xx_hal_dma_ex.o ABSOLUTE
    ..\Drivers\STM32F4xx_HAL_Driver\Src\stm32f4xx_hal_flash.c 0x00000000   Number         0  stm32f4xx_hal_flash.o ABSOLUTE
    ..\Drivers\STM32F4xx_HAL_Driver\Src\stm32f4xx_hal_flash_ex.c 0x00000000   Number         0  stm32f4xx_hal_flash_ex.o ABSOLUTE
    ..\Drivers\STM32F4xx_HAL_Driver\Src\stm32f4xx_hal_flash_ramfunc.c 0x00000000   Number         0  stm32f4xx_hal_flash_ramfunc.o ABSOLUTE
    ..\Drivers\STM32F4xx_HAL_Driver\Src\stm32f4xx_hal_gpio.c 0x00000000   Number         0  stm32f4xx_hal_gpio.o ABSOLUTE
    ..\Drivers\STM32F4xx_HAL_Driver\Src\stm32f4xx_hal_i2c.c 0x00000000   Number         0  stm32f4xx_hal_i2c.o ABSOLUTE
    ..\Drivers\STM32F4xx_HAL_Driver\Src\stm32f4xx_hal_i2c_ex.c 0x00000000   Number         0  stm32f4xx_hal_i2c_ex.o ABSOLUTE
    ..\Drivers\STM32F4xx_HAL_Driver\Src\stm32f4xx_hal_pwr.c 0x00000000   Number         0  stm32f4xx_hal_pwr.o ABSOLUTE
    ..\Drivers\STM32F4xx_HAL_Driver\Src\stm32f4xx_hal_pwr_ex.c 0x00000000   Number         0  stm32f4xx_hal_pwr_ex.o ABSOLUTE
    ..\Drivers\STM32F4xx_HAL_Driver\Src\stm32f4xx_hal_rcc.c 0x00000000   Number         0  stm32f4xx_hal_rcc.o ABSOLUTE
    ..\Drivers\STM32F4xx_HAL_Driver\Src\stm32f4xx_hal_rcc_ex.c 0x00000000   Number         0  stm32f4xx_hal_rcc_ex.o ABSOLUTE
    ..\Drivers\STM32F4xx_HAL_Driver\Src\stm32f4xx_hal_tim.c 0x00000000   Number         0  stm32f4xx_hal_tim.o ABSOLUTE
    ..\Drivers\STM32F4xx_HAL_Driver\Src\stm32f4xx_hal_tim_ex.c 0x00000000   Number         0  stm32f4xx_hal_tim_ex.o ABSOLUTE
    ..\Drivers\STM32F4xx_HAL_Driver\Src\stm32f4xx_hal_uart.c 0x00000000   Number         0  stm32f4xx_hal_uart.o ABSOLUTE
    ..\Src\gpio.c                            0x00000000   Number         0  gpio.o ABSOLUTE
    ..\Src\i2c.c                             0x00000000   Number         0  i2c.o ABSOLUTE
    ..\Src\main.c                            0x00000000   Number         0  main.o ABSOLUTE
    ..\Src\stm32f4xx_hal_msp.c               0x00000000   Number         0  stm32f4xx_hal_msp.o ABSOLUTE
    ..\Src\stm32f4xx_it.c                    0x00000000   Number         0  stm32f4xx_it.o ABSOLUTE
    ..\Src\system_stm32f4xx.c                0x00000000   Number         0  system_stm32f4xx.o ABSOLUTE
    ..\Src\usart.c                           0x00000000   Number         0  usart.o ABSOLUTE
    ..\\eMPL\\inv_mpu.c                      0x00000000   Number         0  inv_mpu.o ABSOLUTE
    ..\\eMPL\\inv_mpu_dmp_motion_driver.c    0x00000000   Number         0  inv_mpu_dmp_motion_driver.o ABSOLUTE
    ..\\eMPL\\mpu6050.c                      0x00000000   Number         0  mpu6050.o ABSOLUTE
    ..\eMPL\inv_mpu.c                        0x00000000   Number         0  inv_mpu.o ABSOLUTE
    ..\eMPL\inv_mpu_dmp_motion_driver.c      0x00000000   Number         0  inv_mpu_dmp_motion_driver.o ABSOLUTE
    ..\eMPL\mpu6050.c                        0x00000000   Number         0  mpu6050.o ABSOLUTE
    cdcmple.s                                0x00000000   Number         0  cdcmple.o ABSOLUTE
    cdrcmple.s                               0x00000000   Number         0  cdrcmple.o ABSOLUTE
    dc.s                                     0x00000000   Number         0  dc.o ABSOLUTE
    handlers.s                               0x00000000   Number         0  handlers.o ABSOLUTE
    init.s                                   0x00000000   Number         0  init.o ABSOLUTE
    startup_stm32f407xx.s                    0x00000000   Number         0  startup_stm32f407xx.o ABSOLUTE
    RESET                                    0x08000000   Section      392  startup_stm32f407xx.o(RESET)
    .ARM.Collect$$$$00000000                 0x08000188   Section        0  entry.o(.ARM.Collect$$$$00000000)
    .ARM.Collect$$$$00000001                 0x08000188   Section        4  entry2.o(.ARM.Collect$$$$00000001)
    .ARM.Collect$$$$00000004                 0x0800018c   Section        4  entry5.o(.ARM.Collect$$$$00000004)
    .ARM.Collect$$$$00000008                 0x08000190   Section        0  entry7b.o(.ARM.Collect$$$$00000008)
    .ARM.Collect$$$$0000000A                 0x08000190   Section        0  entry8b.o(.ARM.Collect$$$$0000000A)
    .ARM.Collect$$$$0000000B                 0x08000190   Section        8  entry9a.o(.ARM.Collect$$$$0000000B)
    .ARM.Collect$$$$0000000D                 0x08000198   Section        0  entry10a.o(.ARM.Collect$$$$0000000D)
    .ARM.Collect$$$$0000000F                 0x08000198   Section        0  entry11a.o(.ARM.Collect$$$$0000000F)
    .ARM.Collect$$$$00002712                 0x08000198   Section        4  entry2.o(.ARM.Collect$$$$00002712)
    __lit__00000000                          0x08000198   Data           4  entry2.o(.ARM.Collect$$$$00002712)
    .text                                    0x0800019c   Section       36  startup_stm32f407xx.o(.text)
    $v0                                      0x0800019c   Number         0  startup_stm32f407xx.o(.text)
    .text                                    0x080001c0   Section        0  uldiv.o(.text)
    .text                                    0x08000222   Section        0  memseta.o(.text)
    .text                                    0x08000246   Section        0  memcmp.o(.text)
    .text                                    0x08000260   Section        0  dadd.o(.text)
    .text                                    0x080003ae   Section        0  dmul.o(.text)
    .text                                    0x08000492   Section        0  ddiv.o(.text)
    .text                                    0x08000570   Section        0  f2d.o(.text)
    .text                                    0x08000596   Section        0  d2f.o(.text)
    .text                                    0x080005ce   Section        0  uidiv.o(.text)
    .text                                    0x080005fa   Section        0  llshl.o(.text)
    .text                                    0x08000618   Section        0  llushr.o(.text)
    .text                                    0x08000638   Section        0  llsshr.o(.text)
    .text                                    0x0800065c   Section        0  fepilogue.o(.text)
    .text                                    0x0800065c   Section        0  iusefp.o(.text)
    .text                                    0x080006ca   Section        0  depilogue.o(.text)
    .text                                    0x08000784   Section        0  dfixul.o(.text)
    .text                                    0x080007b4   Section       48  cdrcmple.o(.text)
    .text                                    0x080007e4   Section       36  init.o(.text)
    .text                                    0x08000808   Section        0  dsqrt.o(.text)
    i.BusFault_Handler                       0x080008aa   Section        0  stm32f4xx_it.o(i.BusFault_Handler)
    i.DebugMon_Handler                       0x080008ac   Section        0  stm32f4xx_it.o(i.DebugMon_Handler)
    i.HAL_Delay                              0x080008b0   Section        0  stm32f4xx_hal.o(i.HAL_Delay)
    i.HAL_GPIO_Init                          0x080008d4   Section        0  stm32f4xx_hal_gpio.o(i.HAL_GPIO_Init)
    i.HAL_GetTick                            0x08000a84   Section        0  stm32f4xx_hal.o(i.HAL_GetTick)
    i.HAL_I2C_GetState                       0x08000a90   Section        0  stm32f4xx_hal_i2c.o(i.HAL_I2C_GetState)
    i.HAL_I2C_Init                           0x08000a98   Section        0  stm32f4xx_hal_i2c.o(i.HAL_I2C_Init)
    i.HAL_I2C_IsDeviceReady                  0x08000ba0   Section        0  stm32f4xx_hal_i2c.o(i.HAL_I2C_IsDeviceReady)
    i.HAL_I2C_Mem_Read                       0x08000d00   Section        0  stm32f4xx_hal_i2c.o(i.HAL_I2C_Mem_Read)
    i.HAL_I2C_Mem_Write                      0x08000efc   Section        0  stm32f4xx_hal_i2c.o(i.HAL_I2C_Mem_Write)
    i.HAL_I2C_MspInit                        0x08001038   Section        0  i2c.o(i.HAL_I2C_MspInit)
    i.HAL_IncTick                            0x08001084   Section        0  stm32f4xx_hal.o(i.HAL_IncTick)
    i.HAL_Init                               0x08001094   Section        0  stm32f4xx_hal.o(i.HAL_Init)
    i.HAL_InitTick                           0x080010c8   Section        0  stm32f4xx_hal.o(i.HAL_InitTick)
    i.HAL_MspInit                            0x08001108   Section        0  stm32f4xx_hal_msp.o(i.HAL_MspInit)
    i.HAL_NVIC_SetPriority                   0x0800118c   Section        0  stm32f4xx_hal_cortex.o(i.HAL_NVIC_SetPriority)
    i.HAL_NVIC_SetPriorityGrouping           0x080011cc   Section        0  stm32f4xx_hal_cortex.o(i.HAL_NVIC_SetPriorityGrouping)
    i.HAL_RCC_CSSCallback                    0x080011f0   Section        0  stm32f4xx_hal_rcc.o(i.HAL_RCC_CSSCallback)
    i.HAL_RCC_ClockConfig                    0x080011f4   Section        0  stm32f4xx_hal_rcc.o(i.HAL_RCC_ClockConfig)
    i.HAL_RCC_EnableCSS                      0x08001324   Section        0  stm32f4xx_hal_rcc.o(i.HAL_RCC_EnableCSS)
    i.HAL_RCC_GetHCLKFreq                    0x08001330   Section        0  stm32f4xx_hal_rcc.o(i.HAL_RCC_GetHCLKFreq)
    i.HAL_RCC_GetPCLK1Freq                   0x0800133c   Section        0  stm32f4xx_hal_rcc.o(i.HAL_RCC_GetPCLK1Freq)
    i.HAL_RCC_GetPCLK2Freq                   0x0800135c   Section        0  stm32f4xx_hal_rcc.o(i.HAL_RCC_GetPCLK2Freq)
    i.HAL_RCC_GetSysClockFreq                0x0800137c   Section        0  stm32f4xx_hal_rcc.o(i.HAL_RCC_GetSysClockFreq)
    i.HAL_RCC_NMI_IRQHandler                 0x080013dc   Section        0  stm32f4xx_hal_rcc.o(i.HAL_RCC_NMI_IRQHandler)
    i.HAL_RCC_OscConfig                      0x080013f8   Section        0  stm32f4xx_hal_rcc.o(i.HAL_RCC_OscConfig)
    i.HAL_SYSTICK_CLKSourceConfig            0x08001714   Section        0  stm32f4xx_hal_cortex.o(i.HAL_SYSTICK_CLKSourceConfig)
    i.HAL_SYSTICK_Callback                   0x0800172c   Section        0  stm32f4xx_hal_cortex.o(i.HAL_SYSTICK_Callback)
    i.HAL_SYSTICK_Config                     0x0800172e   Section        0  stm32f4xx_hal_cortex.o(i.HAL_SYSTICK_Config)
    i.HAL_SYSTICK_IRQHandler                 0x08001756   Section        0  stm32f4xx_hal_cortex.o(i.HAL_SYSTICK_IRQHandler)
    i.HAL_UART_Init                          0x0800175e   Section        0  stm32f4xx_hal_uart.o(i.HAL_UART_Init)
    i.HAL_UART_MspInit                       0x080017c0   Section        0  usart.o(i.HAL_UART_MspInit)
    i.HAL_UART_Transmit                      0x0800180c   Section        0  stm32f4xx_hal_uart.o(i.HAL_UART_Transmit)
    i.HAL_i2c_read                           0x080018c8   Section        0  mpu6050.o(i.HAL_i2c_read)
    i.HAL_i2c_write                          0x08001910   Section        0  mpu6050.o(i.HAL_i2c_write)
    i.HardFault_Handler                      0x08001954   Section        0  stm32f4xx_it.o(i.HardFault_Handler)
    i.I2C_IsAcknowledgeFailed                0x08001956   Section        0  stm32f4xx_hal_i2c.o(i.I2C_IsAcknowledgeFailed)
    I2C_IsAcknowledgeFailed                  0x08001957   Thumb Code    40  stm32f4xx_hal_i2c.o(i.I2C_IsAcknowledgeFailed)
    i.I2C_RequestMemoryRead                  0x0800197e   Section        0  stm32f4xx_hal_i2c.o(i.I2C_RequestMemoryRead)
    I2C_RequestMemoryRead                    0x0800197f   Thumb Code   240  stm32f4xx_hal_i2c.o(i.I2C_RequestMemoryRead)
    i.I2C_RequestMemoryWrite                 0x08001a70   Section        0  stm32f4xx_hal_i2c.o(i.I2C_RequestMemoryWrite)
    I2C_RequestMemoryWrite                   0x08001a71   Thumb Code   156  stm32f4xx_hal_i2c.o(i.I2C_RequestMemoryWrite)
    i.I2C_WaitOnBTFFlagUntilTimeout          0x08001b10   Section        0  stm32f4xx_hal_i2c.o(i.I2C_WaitOnBTFFlagUntilTimeout)
    I2C_WaitOnBTFFlagUntilTimeout            0x08001b11   Thumb Code    78  stm32f4xx_hal_i2c.o(i.I2C_WaitOnBTFFlagUntilTimeout)
    i.I2C_WaitOnFlagUntilTimeout             0x08001b5e   Section        0  stm32f4xx_hal_i2c.o(i.I2C_WaitOnFlagUntilTimeout)
    I2C_WaitOnFlagUntilTimeout               0x08001b5f   Thumb Code    96  stm32f4xx_hal_i2c.o(i.I2C_WaitOnFlagUntilTimeout)
    i.I2C_WaitOnMasterAddressFlagUntilTimeout 0x08001bc0   Section        0  stm32f4xx_hal_i2c.o(i.I2C_WaitOnMasterAddressFlagUntilTimeout)
    I2C_WaitOnMasterAddressFlagUntilTimeout  0x08001bc1   Thumb Code   136  stm32f4xx_hal_i2c.o(i.I2C_WaitOnMasterAddressFlagUntilTimeout)
    i.I2C_WaitOnRXNEFlagUntilTimeout         0x08001c48   Section        0  stm32f4xx_hal_i2c.o(i.I2C_WaitOnRXNEFlagUntilTimeout)
    I2C_WaitOnRXNEFlagUntilTimeout           0x08001c49   Thumb Code    98  stm32f4xx_hal_i2c.o(i.I2C_WaitOnRXNEFlagUntilTimeout)
    i.I2C_WaitOnTXEFlagUntilTimeout          0x08001caa   Section        0  stm32f4xx_hal_i2c.o(i.I2C_WaitOnTXEFlagUntilTimeout)
    I2C_WaitOnTXEFlagUntilTimeout            0x08001cab   Thumb Code    78  stm32f4xx_hal_i2c.o(i.I2C_WaitOnTXEFlagUntilTimeout)
    i.MPU_6050_Init                          0x08001cf8   Section        0  mpu6050.o(i.MPU_6050_Init)
    i.MPU_Set_LPF                            0x08001f00   Section        0  mpu6050.o(i.MPU_Set_LPF)
    i.MX_GPIO_Init                           0x08001f5c   Section        0  gpio.o(i.MX_GPIO_Init)
    i.MX_I2C1_Init                           0x08001fc8   Section        0  i2c.o(i.MX_I2C1_Init)
    i.MX_USART1_UART_Init                    0x0800201c   Section        0  usart.o(i.MX_USART1_UART_Init)
    i.MemManage_Handler                      0x08002068   Section        0  stm32f4xx_it.o(i.MemManage_Handler)
    i.NMI_Handler                            0x0800206a   Section        0  stm32f4xx_it.o(i.NMI_Handler)
    i.NVIC_SetPriority                       0x0800206e   Section        0  stm32f4xx_hal_cortex.o(i.NVIC_SetPriority)
    NVIC_SetPriority                         0x0800206f   Thumb Code    32  stm32f4xx_hal_cortex.o(i.NVIC_SetPriority)
    i.PendSV_Handler                         0x0800208e   Section        0  stm32f4xx_it.o(i.PendSV_Handler)
    i.SVC_Handler                            0x08002090   Section        0  stm32f4xx_it.o(i.SVC_Handler)
    i.SysTick_Handler                        0x08002092   Section        0  stm32f4xx_it.o(i.SysTick_Handler)
    i.SystemClock_Config                     0x080020a0   Section        0  main.o(i.SystemClock_Config)
    i.SystemInit                             0x08002140   Section        0  system_stm32f4xx.o(i.SystemInit)
    i.UART_SetConfig                         0x08002194   Section        0  stm32f4xx_hal_uart.o(i.UART_SetConfig)
    UART_SetConfig                           0x08002195   Thumb Code   676  stm32f4xx_hal_uart.o(i.UART_SetConfig)
    i.UART_WaitOnFlagUntilTimeout            0x08002440   Section        0  stm32f4xx_hal_uart.o(i.UART_WaitOnFlagUntilTimeout)
    UART_WaitOnFlagUntilTimeout              0x08002441   Thumb Code   100  stm32f4xx_hal_uart.o(i.UART_WaitOnFlagUntilTimeout)
    i.UsageFault_Handler                     0x080024a4   Section        0  stm32f4xx_it.o(i.UsageFault_Handler)
    i._Error_Handler                         0x080024a6   Section        0  main.o(i._Error_Handler)
    i.__0printf                              0x080024a8   Section        0  printfa.o(i.__0printf)
    i.__ARM_fpclassify                       0x080024c8   Section        0  fpclassify.o(i.__ARM_fpclassify)
    i.__hardfp_asin                          0x080024f8   Section        0  asin.o(i.__hardfp_asin)
    i.__hardfp_atan                          0x08002858   Section        0  atan.o(i.__hardfp_atan)
    i.__hardfp_atan2                         0x08002b30   Section        0  atan2.o(i.__hardfp_atan2)
    i.__kernel_poly                          0x08002d20   Section        0  poly.o(i.__kernel_poly)
    i.__mathlib_dbl_infnan                   0x08002e18   Section        0  dunder.o(i.__mathlib_dbl_infnan)
    i.__mathlib_dbl_infnan2                  0x08002e2c   Section        0  dunder.o(i.__mathlib_dbl_infnan2)
    i.__mathlib_dbl_invalid                  0x08002e40   Section        0  dunder.o(i.__mathlib_dbl_invalid)
    i.__mathlib_dbl_underflow                0x08002e60   Section        0  dunder.o(i.__mathlib_dbl_underflow)
    i.__scatterload_copy                     0x08002e80   Section       14  handlers.o(i.__scatterload_copy)
    i.__scatterload_null                     0x08002e8e   Section        2  handlers.o(i.__scatterload_null)
    i.__scatterload_zeroinit                 0x08002e90   Section       14  handlers.o(i.__scatterload_zeroinit)
    i.__set_errno                            0x08002ea0   Section        0  errno.o(i.__set_errno)
    i._fp_digits                             0x08002eac   Section        0  printfa.o(i._fp_digits)
    _fp_digits                               0x08002ead   Thumb Code   366  printfa.o(i._fp_digits)
    i._printf_core                           0x08003030   Section        0  printfa.o(i._printf_core)
    _printf_core                             0x08003031   Thumb Code  1744  printfa.o(i._printf_core)
    i._printf_post_padding                   0x0800370c   Section        0  printfa.o(i._printf_post_padding)
    _printf_post_padding                     0x0800370d   Thumb Code    36  printfa.o(i._printf_post_padding)
    i._printf_pre_padding                    0x08003730   Section        0  printfa.o(i._printf_pre_padding)
    _printf_pre_padding                      0x08003731   Thumb Code    46  printfa.o(i._printf_pre_padding)
    i.atan                                   0x0800375e   Section        0  atan.o(i.atan)
    i.dmp_enable_6x_lp_quat                  0x0800376e   Section        0  inv_mpu_dmp_motion_driver.o(i.dmp_enable_6x_lp_quat)
    i.dmp_enable_feature                     0x080037a8   Section        0  inv_mpu_dmp_motion_driver.o(i.dmp_enable_feature)
    i.dmp_enable_gyro_cal                    0x08003980   Section        0  inv_mpu_dmp_motion_driver.o(i.dmp_enable_gyro_cal)
    i.dmp_enable_lp_quat                     0x080039bc   Section        0  inv_mpu_dmp_motion_driver.o(i.dmp_enable_lp_quat)
    i.dmp_load_motion_driver_firmware        0x080039f8   Section        0  inv_mpu_dmp_motion_driver.o(i.dmp_load_motion_driver_firmware)
    i.dmp_read_fifo                          0x08003a0c   Section        0  inv_mpu_dmp_motion_driver.o(i.dmp_read_fifo)
    i.dmp_set_fifo_rate                      0x08003b54   Section        0  inv_mpu_dmp_motion_driver.o(i.dmp_set_fifo_rate)
    i.dmp_set_orientation                    0x08003bb8   Section        0  inv_mpu_dmp_motion_driver.o(i.dmp_set_orientation)
    i.dmp_set_shake_reject_thresh            0x08003cc4   Section        0  inv_mpu_dmp_motion_driver.o(i.dmp_set_shake_reject_thresh)
    i.dmp_set_shake_reject_time              0x08003cf4   Section        0  inv_mpu_dmp_motion_driver.o(i.dmp_set_shake_reject_time)
    i.dmp_set_shake_reject_timeout           0x08003d14   Section        0  inv_mpu_dmp_motion_driver.o(i.dmp_set_shake_reject_timeout)
    i.dmp_set_tap_axes                       0x08003d34   Section        0  inv_mpu_dmp_motion_driver.o(i.dmp_set_tap_axes)
    i.dmp_set_tap_count                      0x08003d74   Section        0  inv_mpu_dmp_motion_driver.o(i.dmp_set_tap_count)
    i.dmp_set_tap_thresh                     0x08003d98   Section        0  inv_mpu_dmp_motion_driver.o(i.dmp_set_tap_thresh)
    i.dmp_set_tap_time                       0x08003ef8   Section        0  inv_mpu_dmp_motion_driver.o(i.dmp_set_tap_time)
    i.dmp_set_tap_time_multi                 0x08003f18   Section        0  inv_mpu_dmp_motion_driver.o(i.dmp_set_tap_time_multi)
    i.fabs                                   0x08003f38   Section        0  fabs.o(i.fabs)
    i.fputc                                  0x08003f50   Section        0  usart.o(i.fputc)
    i.get_ms                                 0x08003f6c   Section        0  inv_mpu.o(i.get_ms)
    i.inv_orientation_matrix_to_scalar       0x08003f6e   Section        0  mpu6050.o(i.inv_orientation_matrix_to_scalar)
    i.inv_row_2_scale                        0x08003f90   Section        0  mpu6050.o(i.inv_row_2_scale)
    i.main                                   0x08003fd8   Section        0  main.o(i.main)
    i.mpu_configure_fifo                     0x080040b4   Section        0  inv_mpu.o(i.mpu_configure_fifo)
    i.mpu_dmp_get_data                       0x08004108   Section        0  mpu6050.o(i.mpu_dmp_get_data)
    i.mpu_dmp_init                           0x0800426c   Section        0  mpu6050.o(i.mpu_dmp_init)
    i.mpu_get_accel_fsr                      0x08004304   Section        0  inv_mpu.o(i.mpu_get_accel_fsr)
    i.mpu_init                               0x08004340   Section        0  inv_mpu.o(i.mpu_init)
    i.mpu_load_firmware                      0x080044c8   Section        0  inv_mpu.o(i.mpu_load_firmware)
    i.mpu_lp_accel_mode                      0x08004568   Section        0  inv_mpu.o(i.mpu_lp_accel_mode)
    i.mpu_read_fifo_stream                   0x08004620   Section        0  inv_mpu.o(i.mpu_read_fifo_stream)
    i.mpu_read_mem                           0x080046b0   Section        0  inv_mpu.o(i.mpu_read_mem)
    i.mpu_reset_fifo                         0x08004704   Section        0  inv_mpu.o(i.mpu_reset_fifo)
    i.mpu_set_accel_fsr                      0x08004864   Section        0  inv_mpu.o(i.mpu_set_accel_fsr)
    i.mpu_set_bypass                         0x080048cc   Section        0  inv_mpu.o(i.mpu_set_bypass)
    i.mpu_set_dmp_state                      0x080049a8   Section        0  inv_mpu.o(i.mpu_set_dmp_state)
    i.mpu_set_gyro_fsr                       0x08004a20   Section        0  inv_mpu.o(i.mpu_set_gyro_fsr)
    i.mpu_set_int_latched                    0x08004a8c   Section        0  inv_mpu.o(i.mpu_set_int_latched)
    i.mpu_set_lpf                            0x08004af0   Section        0  inv_mpu.o(i.mpu_set_lpf)
    i.mpu_set_sample_rate                    0x08004b5c   Section        0  inv_mpu.o(i.mpu_set_sample_rate)
    i.mpu_set_sensors                        0x08004bdc   Section        0  inv_mpu.o(i.mpu_set_sensors)
    i.mpu_write_mem                          0x08004c94   Section        0  inv_mpu.o(i.mpu_write_mem)
    i.set_int_enable                         0x08004ce8   Section        0  inv_mpu.o(i.set_int_enable)
    set_int_enable                           0x08004ce9   Thumb Code    84  inv_mpu.o(i.set_int_enable)
    i.sqrt                                   0x08004d40   Section        0  sqrt.o(i.sqrt)
    .constdata                               0x08004dae   Section     3062  inv_mpu_dmp_motion_driver.o(.constdata)
    dmp_memory                               0x08004dae   Data        3062  inv_mpu_dmp_motion_driver.o(.constdata)
    .constdata                               0x080059a4   Section       27  inv_mpu.o(.constdata)
    .constdata                               0x080059c0   Section       12  inv_mpu.o(.constdata)
    .constdata                               0x080059cc   Section       40  inv_mpu.o(.constdata)
    .constdata                               0x080059f4   Section       16  system_stm32f4xx.o(.constdata)
    .constdata                               0x08005a04   Section        8  system_stm32f4xx.o(.constdata)
    .constdata                               0x08005a10   Section       80  asin.o(.constdata)
    pS                                       0x08005a10   Data          48  asin.o(.constdata)
    qS                                       0x08005a40   Data          32  asin.o(.constdata)
    .constdata                               0x08005a60   Section      152  atan.o(.constdata)
    atanhi                                   0x08005a60   Data          32  atan.o(.constdata)
    atanlo                                   0x08005a80   Data          32  atan.o(.constdata)
    aTodd                                    0x08005aa0   Data          40  atan.o(.constdata)
    aTeven                                   0x08005ac8   Data          48  atan.o(.constdata)
    .constdata                               0x08005af8   Section        8  qnan.o(.constdata)
    .conststring                             0x08005b00   Section       77  inv_mpu.o(.conststring)
    .data                                    0x20000000   Section       44  inv_mpu.o(.data)
    st                                       0x20000000   Data          44  inv_mpu.o(.data)
    .data                                    0x2000002c   Section        9  mpu6050.o(.data)
    gyro_orientation                         0x2000002c   Data           9  mpu6050.o(.data)
    .data                                    0x20000038   Section        4  mpu6050.o(.data)
    .data                                    0x2000003c   Section        4  mpu6050.o(.data)
    .data                                    0x20000040   Section        4  mpu6050.o(.data)
    .data                                    0x20000044   Section       12  stm32f4xx_hal.o(.data)
    .data                                    0x20000050   Section        4  system_stm32f4xx.o(.data)
    .data                                    0x20000054   Section        4  stdout.o(.data)
    .data                                    0x20000058   Section        4  errno.o(.data)
    _errno                                   0x20000058   Data           4  errno.o(.data)
    .bss                                     0x2000005c   Section       84  i2c.o(.bss)
    .bss                                     0x200000b0   Section       64  usart.o(.bss)
    .bss                                     0x200000f0   Section       16  inv_mpu_dmp_motion_driver.o(.bss)
    dmp                                      0x200000f0   Data          16  inv_mpu_dmp_motion_driver.o(.bss)
    STACK                                    0x20000100   Section     2048  startup_stm32f407xx.o(STACK)

    Global Symbols

    Symbol Name                              Value     Ov Type        Size  Object(Section)

    BuildAttributes$$THM_ISAv4$E$P$D$K$B$S$7EM$VFPi3$EXTD16$VFPS$VFMA$PE$A:L22UL41UL21$X:L11$S22US41US21$IEEE1$IW$USESV6$~STKCKD$USESV7$~SHL$OTIME$ROPI$IEEEX$EBA8$MICROLIB$REQ8$PRES8$EABIv2 0x00000000   Number         0  anon$$obj.o ABSOLUTE
    __ARM_use_no_argv                        0x00000000   Number         0  main.o ABSOLUTE
    _printf_a                                0x00000000   Number         0  stubs.o ABSOLUTE
    _printf_c                                0x00000000   Number         0  stubs.o ABSOLUTE
    _printf_charcount                        0x00000000   Number         0  stubs.o ABSOLUTE
    _printf_d                                0x00000000   Number         0  stubs.o ABSOLUTE
    _printf_e                                0x00000000   Number         0  stubs.o ABSOLUTE
    _printf_f                                0x00000000   Number         0  stubs.o ABSOLUTE
    _printf_flags                            0x00000000   Number         0  stubs.o ABSOLUTE
    _printf_fp_dec                           0x00000000   Number         0  stubs.o ABSOLUTE
    _printf_fp_hex                           0x00000000   Number         0  stubs.o ABSOLUTE
    _printf_g                                0x00000000   Number         0  stubs.o ABSOLUTE
    _printf_i                                0x00000000   Number         0  stubs.o ABSOLUTE
    _printf_int_dec                          0x00000000   Number         0  stubs.o ABSOLUTE
    _printf_l                                0x00000000   Number         0  stubs.o ABSOLUTE
    _printf_lc                               0x00000000   Number         0  stubs.o ABSOLUTE
    _printf_ll                               0x00000000   Number         0  stubs.o ABSOLUTE
    _printf_lld                              0x00000000   Number         0  stubs.o ABSOLUTE
    _printf_lli                              0x00000000   Number         0  stubs.o ABSOLUTE
    _printf_llo                              0x00000000   Number         0  stubs.o ABSOLUTE
    _printf_llu                              0x00000000   Number         0  stubs.o ABSOLUTE
    _printf_llx                              0x00000000   Number         0  stubs.o ABSOLUTE
    _printf_longlong_dec                     0x00000000   Number         0  stubs.o ABSOLUTE
    _printf_longlong_hex                     0x00000000   Number         0  stubs.o ABSOLUTE
    _printf_longlong_oct                     0x00000000   Number         0  stubs.o ABSOLUTE
    _printf_ls                               0x00000000   Number         0  stubs.o ABSOLUTE
    _printf_mbtowc                           0x00000000   Number         0  stubs.o ABSOLUTE
    _printf_n                                0x00000000   Number         0  stubs.o ABSOLUTE
    _printf_o                                0x00000000   Number         0  stubs.o ABSOLUTE
    _printf_p                                0x00000000   Number         0  stubs.o ABSOLUTE
    _printf_percent                          0x00000000   Number         0  stubs.o ABSOLUTE
    _printf_pre_padding                      0x00000000   Number         0  stubs.o ABSOLUTE
    _printf_return_value                     0x00000000   Number         0  stubs.o ABSOLUTE
    _printf_s                                0x00000000   Number         0  stubs.o ABSOLUTE
    _printf_sizespec                         0x00000000   Number         0  stubs.o ABSOLUTE
    _printf_str                              0x00000000   Number         0  stubs.o ABSOLUTE
    _printf_truncate_signed                  0x00000000   Number         0  stubs.o ABSOLUTE
    _printf_truncate_unsigned                0x00000000   Number         0  stubs.o ABSOLUTE
    _printf_u                                0x00000000   Number         0  stubs.o ABSOLUTE
    _printf_wc                               0x00000000   Number         0  stubs.o ABSOLUTE
    _printf_wctomb                           0x00000000   Number         0  stubs.o ABSOLUTE
    _printf_widthprec                        0x00000000   Number         0  stubs.o ABSOLUTE
    _printf_x                                0x00000000   Number         0  stubs.o ABSOLUTE
    __cpp_initialize__aeabi_                  - Undefined Weak Reference
    __cxa_finalize                            - Undefined Weak Reference
    __decompress                              - Undefined Weak Reference
    _clock_init                               - Undefined Weak Reference
    _microlib_exit                            - Undefined Weak Reference
    __Vectors_Size                           0x00000188   Number         0  startup_stm32f407xx.o ABSOLUTE
    __Vectors                                0x08000000   Data           4  startup_stm32f407xx.o(RESET)
    __Vectors_End                            0x08000188   Data           0  startup_stm32f407xx.o(RESET)
    __main                                   0x08000189   Thumb Code     0  entry.o(.ARM.Collect$$$$00000000)
    _main_stk                                0x08000189   Thumb Code     0  entry2.o(.ARM.Collect$$$$00000001)
    _main_scatterload                        0x0800018d   Thumb Code     0  entry5.o(.ARM.Collect$$$$00000004)
    __main_after_scatterload                 0x08000191   Thumb Code     0  entry5.o(.ARM.Collect$$$$00000004)
    _main_clock                              0x08000191   Thumb Code     0  entry7b.o(.ARM.Collect$$$$00000008)
    _main_cpp_init                           0x08000191   Thumb Code     0  entry8b.o(.ARM.Collect$$$$0000000A)
    _main_init                               0x08000191   Thumb Code     0  entry9a.o(.ARM.Collect$$$$0000000B)
    __rt_final_cpp                           0x08000199   Thumb Code     0  entry10a.o(.ARM.Collect$$$$0000000D)
    __rt_final_exit                          0x08000199   Thumb Code     0  entry11a.o(.ARM.Collect$$$$0000000F)
    Reset_Handler                            0x0800019d   Thumb Code     8  startup_stm32f407xx.o(.text)
    ADC_IRQHandler                           0x080001b7   Thumb Code     0  startup_stm32f407xx.o(.text)
    CAN1_RX0_IRQHandler                      0x080001b7   Thumb Code     0  startup_stm32f407xx.o(.text)
    CAN1_RX1_IRQHandler                      0x080001b7   Thumb Code     0  startup_stm32f407xx.o(.text)
    CAN1_SCE_IRQHandler                      0x080001b7   Thumb Code     0  startup_stm32f407xx.o(.text)
    CAN1_TX_IRQHandler                       0x080001b7   Thumb Code     0  startup_stm32f407xx.o(.text)
    CAN2_RX0_IRQHandler                      0x080001b7   Thumb Code     0  startup_stm32f407xx.o(.text)
    CAN2_RX1_IRQHandler                      0x080001b7   Thumb Code     0  startup_stm32f407xx.o(.text)
    CAN2_SCE_IRQHandler                      0x080001b7   Thumb Code     0  startup_stm32f407xx.o(.text)
    CAN2_TX_IRQHandler                       0x080001b7   Thumb Code     0  startup_stm32f407xx.o(.text)
    DCMI_IRQHandler                          0x080001b7   Thumb Code     0  startup_stm32f407xx.o(.text)
    DMA1_Stream0_IRQHandler                  0x080001b7   Thumb Code     0  startup_stm32f407xx.o(.text)
    DMA1_Stream1_IRQHandler                  0x080001b7   Thumb Code     0  startup_stm32f407xx.o(.text)
    DMA1_Stream2_IRQHandler                  0x080001b7   Thumb Code     0  startup_stm32f407xx.o(.text)
    DMA1_Stream3_IRQHandler                  0x080001b7   Thumb Code     0  startup_stm32f407xx.o(.text)
    DMA1_Stream4_IRQHandler                  0x080001b7   Thumb Code     0  startup_stm32f407xx.o(.text)
    DMA1_Stream5_IRQHandler                  0x080001b7   Thumb Code     0  startup_stm32f407xx.o(.text)
    DMA1_Stream6_IRQHandler                  0x080001b7   Thumb Code     0  startup_stm32f407xx.o(.text)
    DMA1_Stream7_IRQHandler                  0x080001b7   Thumb Code     0  startup_stm32f407xx.o(.text)
    DMA2_Stream0_IRQHandler                  0x080001b7   Thumb Code     0  startup_stm32f407xx.o(.text)
    DMA2_Stream1_IRQHandler                  0x080001b7   Thumb Code     0  startup_stm32f407xx.o(.text)
    DMA2_Stream2_IRQHandler                  0x080001b7   Thumb Code     0  startup_stm32f407xx.o(.text)
    DMA2_Stream3_IRQHandler                  0x080001b7   Thumb Code     0  startup_stm32f407xx.o(.text)
    DMA2_Stream4_IRQHandler                  0x080001b7   Thumb Code     0  startup_stm32f407xx.o(.text)
    DMA2_Stream5_IRQHandler                  0x080001b7   Thumb Code     0  startup_stm32f407xx.o(.text)
    DMA2_Stream6_IRQHandler                  0x080001b7   Thumb Code     0  startup_stm32f407xx.o(.text)
    DMA2_Stream7_IRQHandler                  0x080001b7   Thumb Code     0  startup_stm32f407xx.o(.text)
    ETH_IRQHandler                           0x080001b7   Thumb Code     0  startup_stm32f407xx.o(.text)
    ETH_WKUP_IRQHandler                      0x080001b7   Thumb Code     0  startup_stm32f407xx.o(.text)
    EXTI0_IRQHandler                         0x080001b7   Thumb Code     0  startup_stm32f407xx.o(.text)
    EXTI15_10_IRQHandler                     0x080001b7   Thumb Code     0  startup_stm32f407xx.o(.text)
    EXTI1_IRQHandler                         0x080001b7   Thumb Code     0  startup_stm32f407xx.o(.text)
    EXTI2_IRQHandler                         0x080001b7   Thumb Code     0  startup_stm32f407xx.o(.text)
    EXTI3_IRQHandler                         0x080001b7   Thumb Code     0  startup_stm32f407xx.o(.text)
    EXTI4_IRQHandler                         0x080001b7   Thumb Code     0  startup_stm32f407xx.o(.text)
    EXTI9_5_IRQHandler                       0x080001b7   Thumb Code     0  startup_stm32f407xx.o(.text)
    FLASH_IRQHandler                         0x080001b7   Thumb Code     0  startup_stm32f407xx.o(.text)
    FMC_IRQHandler                           0x080001b7   Thumb Code     0  startup_stm32f407xx.o(.text)
    FPU_IRQHandler                           0x080001b7   Thumb Code     0  startup_stm32f407xx.o(.text)
    HASH_RNG_IRQHandler                      0x080001b7   Thumb Code     0  startup_stm32f407xx.o(.text)
    I2C1_ER_IRQHandler                       0x080001b7   Thumb Code     0  startup_stm32f407xx.o(.text)
    I2C1_EV_IRQHandler                       0x080001b7   Thumb Code     0  startup_stm32f407xx.o(.text)
    I2C2_ER_IRQHandler                       0x080001b7   Thumb Code     0  startup_stm32f407xx.o(.text)
    I2C2_EV_IRQHandler                       0x080001b7   Thumb Code     0  startup_stm32f407xx.o(.text)
    I2C3_ER_IRQHandler                       0x080001b7   Thumb Code     0  startup_stm32f407xx.o(.text)
    I2C3_EV_IRQHandler                       0x080001b7   Thumb Code     0  startup_stm32f407xx.o(.text)
    OTG_FS_IRQHandler                        0x080001b7   Thumb Code     0  startup_stm32f407xx.o(.text)
    OTG_FS_WKUP_IRQHandler                   0x080001b7   Thumb Code     0  startup_stm32f407xx.o(.text)
    OTG_HS_EP1_IN_IRQHandler                 0x080001b7   Thumb Code     0  startup_stm32f407xx.o(.text)
    OTG_HS_EP1_OUT_IRQHandler                0x080001b7   Thumb Code     0  startup_stm32f407xx.o(.text)
    OTG_HS_IRQHandler                        0x080001b7   Thumb Code     0  startup_stm32f407xx.o(.text)
    OTG_HS_WKUP_IRQHandler                   0x080001b7   Thumb Code     0  startup_stm32f407xx.o(.text)
    PVD_IRQHandler                           0x080001b7   Thumb Code     0  startup_stm32f407xx.o(.text)
    RCC_IRQHandler                           0x080001b7   Thumb Code     0  startup_stm32f407xx.o(.text)
    RTC_Alarm_IRQHandler                     0x080001b7   Thumb Code     0  startup_stm32f407xx.o(.text)
    RTC_WKUP_IRQHandler                      0x080001b7   Thumb Code     0  startup_stm32f407xx.o(.text)
    SDIO_IRQHandler                          0x080001b7   Thumb Code     0  startup_stm32f407xx.o(.text)
    SPI1_IRQHandler                          0x080001b7   Thumb Code     0  startup_stm32f407xx.o(.text)
    SPI2_IRQHandler                          0x080001b7   Thumb Code     0  startup_stm32f407xx.o(.text)
    SPI3_IRQHandler                          0x080001b7   Thumb Code     0  startup_stm32f407xx.o(.text)
    TAMP_STAMP_IRQHandler                    0x080001b7   Thumb Code     0  startup_stm32f407xx.o(.text)
    TIM1_BRK_TIM9_IRQHandler                 0x080001b7   Thumb Code     0  startup_stm32f407xx.o(.text)
    TIM1_CC_IRQHandler                       0x080001b7   Thumb Code     0  startup_stm32f407xx.o(.text)
    TIM1_TRG_COM_TIM11_IRQHandler            0x080001b7   Thumb Code     0  startup_stm32f407xx.o(.text)
    TIM1_UP_TIM10_IRQHandler                 0x080001b7   Thumb Code     0  startup_stm32f407xx.o(.text)
    TIM2_IRQHandler                          0x080001b7   Thumb Code     0  startup_stm32f407xx.o(.text)
    TIM3_IRQHandler                          0x080001b7   Thumb Code     0  startup_stm32f407xx.o(.text)
    TIM4_IRQHandler                          0x080001b7   Thumb Code     0  startup_stm32f407xx.o(.text)
    TIM5_IRQHandler                          0x080001b7   Thumb Code     0  startup_stm32f407xx.o(.text)
    TIM6_DAC_IRQHandler                      0x080001b7   Thumb Code     0  startup_stm32f407xx.o(.text)
    TIM7_IRQHandler                          0x080001b7   Thumb Code     0  startup_stm32f407xx.o(.text)
    TIM8_BRK_TIM12_IRQHandler                0x080001b7   Thumb Code     0  startup_stm32f407xx.o(.text)
    TIM8_CC_IRQHandler                       0x080001b7   Thumb Code     0  startup_stm32f407xx.o(.text)
    TIM8_TRG_COM_TIM14_IRQHandler            0x080001b7   Thumb Code     0  startup_stm32f407xx.o(.text)
    TIM8_UP_TIM13_IRQHandler                 0x080001b7   Thumb Code     0  startup_stm32f407xx.o(.text)
    UART4_IRQHandler                         0x080001b7   Thumb Code     0  startup_stm32f407xx.o(.text)
    UART5_IRQHandler                         0x080001b7   Thumb Code     0  startup_stm32f407xx.o(.text)
    USART1_IRQHandler                        0x080001b7   Thumb Code     0  startup_stm32f407xx.o(.text)
    USART2_IRQHandler                        0x080001b7   Thumb Code     0  startup_stm32f407xx.o(.text)
    USART3_IRQHandler                        0x080001b7   Thumb Code     0  startup_stm32f407xx.o(.text)
    USART6_IRQHandler                        0x080001b7   Thumb Code     0  startup_stm32f407xx.o(.text)
    WWDG_IRQHandler                          0x080001b7   Thumb Code     0  startup_stm32f407xx.o(.text)
    __aeabi_uldivmod                         0x080001c1   Thumb Code    98  uldiv.o(.text)
    __aeabi_memset                           0x08000223   Thumb Code    14  memseta.o(.text)
    __aeabi_memset4                          0x08000223   Thumb Code     0  memseta.o(.text)
    __aeabi_memset8                          0x08000223   Thumb Code     0  memseta.o(.text)
    __aeabi_memclr                           0x08000231   Thumb Code     4  memseta.o(.text)
    __aeabi_memclr4                          0x08000231   Thumb Code     0  memseta.o(.text)
    __aeabi_memclr8                          0x08000231   Thumb Code     0  memseta.o(.text)
    _memset$wrapper                          0x08000235   Thumb Code    18  memseta.o(.text)
    memcmp                                   0x08000247   Thumb Code    26  memcmp.o(.text)
    __aeabi_dadd                             0x08000261   Thumb Code   322  dadd.o(.text)
    __aeabi_dsub                             0x080003a3   Thumb Code     6  dadd.o(.text)
    __aeabi_drsub                            0x080003a9   Thumb Code     6  dadd.o(.text)
    __aeabi_dmul                             0x080003af   Thumb Code   228  dmul.o(.text)
    __aeabi_ddiv                             0x08000493   Thumb Code   222  ddiv.o(.text)
    __aeabi_f2d                              0x08000571   Thumb Code    38  f2d.o(.text)
    __aeabi_d2f                              0x08000597   Thumb Code    56  d2f.o(.text)
    __aeabi_uidiv                            0x080005cf   Thumb Code     0  uidiv.o(.text)
    __aeabi_uidivmod                         0x080005cf   Thumb Code    44  uidiv.o(.text)
    __aeabi_llsl                             0x080005fb   Thumb Code    30  llshl.o(.text)
    _ll_shift_l                              0x080005fb   Thumb Code     0  llshl.o(.text)
    __aeabi_llsr                             0x08000619   Thumb Code    32  llushr.o(.text)
    _ll_ushift_r                             0x08000619   Thumb Code     0  llushr.o(.text)
    __aeabi_lasr                             0x08000639   Thumb Code    36  llsshr.o(.text)
    _ll_sshift_r                             0x08000639   Thumb Code     0  llsshr.o(.text)
    __I$use$fp                               0x0800065d   Thumb Code     0  iusefp.o(.text)
    _float_round                             0x0800065d   Thumb Code    18  fepilogue.o(.text)
    _float_epilogue                          0x0800066f   Thumb Code    92  fepilogue.o(.text)
    _double_round                            0x080006cb   Thumb Code    30  depilogue.o(.text)
    _double_epilogue                         0x080006e9   Thumb Code   156  depilogue.o(.text)
    __aeabi_d2ulz                            0x08000785   Thumb Code    48  dfixul.o(.text)
    __aeabi_cdrcmple                         0x080007b5   Thumb Code    48  cdrcmple.o(.text)
    __scatterload                            0x080007e5   Thumb Code    28  init.o(.text)
    __scatterload_rt2                        0x080007e5   Thumb Code     0  init.o(.text)
    _dsqrt                                   0x08000809   Thumb Code   162  dsqrt.o(.text)
    BusFault_Handler                         0x080008ab   Thumb Code     2  stm32f4xx_it.o(i.BusFault_Handler)
    DebugMon_Handler                         0x080008ad   Thumb Code     2  stm32f4xx_it.o(i.DebugMon_Handler)
    HAL_Delay                                0x080008b1   Thumb Code    32  stm32f4xx_hal.o(i.HAL_Delay)
    HAL_GPIO_Init                            0x080008d5   Thumb Code   388  stm32f4xx_hal_gpio.o(i.HAL_GPIO_Init)
    HAL_GetTick                              0x08000a85   Thumb Code     6  stm32f4xx_hal.o(i.HAL_GetTick)
    HAL_I2C_GetState                         0x08000a91   Thumb Code     6  stm32f4xx_hal_i2c.o(i.HAL_I2C_GetState)
    HAL_I2C_Init                             0x08000a99   Thumb Code   254  stm32f4xx_hal_i2c.o(i.HAL_I2C_Init)
    HAL_I2C_IsDeviceReady                    0x08000ba1   Thumb Code   344  stm32f4xx_hal_i2c.o(i.HAL_I2C_IsDeviceReady)
    HAL_I2C_Mem_Read                         0x08000d01   Thumb Code   496  stm32f4xx_hal_i2c.o(i.HAL_I2C_Mem_Read)
    HAL_I2C_Mem_Write                        0x08000efd   Thumb Code   306  stm32f4xx_hal_i2c.o(i.HAL_I2C_Mem_Write)
    HAL_I2C_MspInit                          0x08001039   Thumb Code    64  i2c.o(i.HAL_I2C_MspInit)
    HAL_IncTick                              0x08001085   Thumb Code    12  stm32f4xx_hal.o(i.HAL_IncTick)
    HAL_Init                                 0x08001095   Thumb Code    48  stm32f4xx_hal.o(i.HAL_Init)
    HAL_InitTick                             0x080010c9   Thumb Code    54  stm32f4xx_hal.o(i.HAL_InitTick)
    HAL_MspInit                              0x08001109   Thumb Code   126  stm32f4xx_hal_msp.o(i.HAL_MspInit)
    HAL_NVIC_SetPriority                     0x0800118d   Thumb Code    60  stm32f4xx_hal_cortex.o(i.HAL_NVIC_SetPriority)
    HAL_NVIC_SetPriorityGrouping             0x080011cd   Thumb Code    26  stm32f4xx_hal_cortex.o(i.HAL_NVIC_SetPriorityGrouping)
    HAL_RCC_CSSCallback                      0x080011f1   Thumb Code     2  stm32f4xx_hal_rcc.o(i.HAL_RCC_CSSCallback)
    HAL_RCC_ClockConfig                      0x080011f5   Thumb Code   286  stm32f4xx_hal_rcc.o(i.HAL_RCC_ClockConfig)
    HAL_RCC_EnableCSS                        0x08001325   Thumb Code     8  stm32f4xx_hal_rcc.o(i.HAL_RCC_EnableCSS)
    HAL_RCC_GetHCLKFreq                      0x08001331   Thumb Code     6  stm32f4xx_hal_rcc.o(i.HAL_RCC_GetHCLKFreq)
    HAL_RCC_GetPCLK1Freq                     0x0800133d   Thumb Code    20  stm32f4xx_hal_rcc.o(i.HAL_RCC_GetPCLK1Freq)
    HAL_RCC_GetPCLK2Freq                     0x0800135d   Thumb Code    20  stm32f4xx_hal_rcc.o(i.HAL_RCC_GetPCLK2Freq)
    HAL_RCC_GetSysClockFreq                  0x0800137d   Thumb Code    88  stm32f4xx_hal_rcc.o(i.HAL_RCC_GetSysClockFreq)
    HAL_RCC_NMI_IRQHandler                   0x080013dd   Thumb Code    24  stm32f4xx_hal_rcc.o(i.HAL_RCC_NMI_IRQHandler)
    HAL_RCC_OscConfig                        0x080013f9   Thumb Code   770  stm32f4xx_hal_rcc.o(i.HAL_RCC_OscConfig)
    HAL_SYSTICK_CLKSourceConfig              0x08001715   Thumb Code    24  stm32f4xx_hal_cortex.o(i.HAL_SYSTICK_CLKSourceConfig)
    HAL_SYSTICK_Callback                     0x0800172d   Thumb Code     2  stm32f4xx_hal_cortex.o(i.HAL_SYSTICK_Callback)
    HAL_SYSTICK_Config                       0x0800172f   Thumb Code    40  stm32f4xx_hal_cortex.o(i.HAL_SYSTICK_Config)
    HAL_SYSTICK_IRQHandler                   0x08001757   Thumb Code     8  stm32f4xx_hal_cortex.o(i.HAL_SYSTICK_IRQHandler)
    HAL_UART_Init                            0x0800175f   Thumb Code    98  stm32f4xx_hal_uart.o(i.HAL_UART_Init)
    HAL_UART_MspInit                         0x080017c1   Thumb Code    64  usart.o(i.HAL_UART_MspInit)
    HAL_UART_Transmit                        0x0800180d   Thumb Code   186  stm32f4xx_hal_uart.o(i.HAL_UART_Transmit)
    HAL_i2c_read                             0x080018c9   Thumb Code    54  mpu6050.o(i.HAL_i2c_read)
    HAL_i2c_write                            0x08001911   Thumb Code    50  mpu6050.o(i.HAL_i2c_write)
    HardFault_Handler                        0x08001955   Thumb Code     2  stm32f4xx_it.o(i.HardFault_Handler)
    MPU_6050_Init                            0x08001cf9   Thumb Code   474  mpu6050.o(i.MPU_6050_Init)
    MPU_Set_LPF                              0x08001f01   Thumb Code    86  mpu6050.o(i.MPU_Set_LPF)
    MX_GPIO_Init                             0x08001f5d   Thumb Code    94  gpio.o(i.MX_GPIO_Init)
    MX_I2C1_Init                             0x08001fc9   Thumb Code    54  i2c.o(i.MX_I2C1_Init)
    MX_USART1_UART_Init                      0x0800201d   Thumb Code    52  usart.o(i.MX_USART1_UART_Init)
    MemManage_Handler                        0x08002069   Thumb Code     2  stm32f4xx_it.o(i.MemManage_Handler)
    NMI_Handler                              0x0800206b   Thumb Code     4  stm32f4xx_it.o(i.NMI_Handler)
    PendSV_Handler                           0x0800208f   Thumb Code     2  stm32f4xx_it.o(i.PendSV_Handler)
    SVC_Handler                              0x08002091   Thumb Code     2  stm32f4xx_it.o(i.SVC_Handler)
    SysTick_Handler                          0x08002093   Thumb Code    14  stm32f4xx_it.o(i.SysTick_Handler)
    SystemClock_Config                       0x080020a1   Thumb Code   152  main.o(i.SystemClock_Config)
    SystemInit                               0x08002141   Thumb Code    66  system_stm32f4xx.o(i.SystemInit)
    UsageFault_Handler                       0x080024a5   Thumb Code     2  stm32f4xx_it.o(i.UsageFault_Handler)
    _Error_Handler                           0x080024a7   Thumb Code     2  main.o(i._Error_Handler)
    __0printf                                0x080024a9   Thumb Code    22  printfa.o(i.__0printf)
    __1printf                                0x080024a9   Thumb Code     0  printfa.o(i.__0printf)
    __2printf                                0x080024a9   Thumb Code     0  printfa.o(i.__0printf)
    __c89printf                              0x080024a9   Thumb Code     0  printfa.o(i.__0printf)
    printf                                   0x080024a9   Thumb Code     0  printfa.o(i.__0printf)
    __ARM_fpclassify                         0x080024c9   Thumb Code    48  fpclassify.o(i.__ARM_fpclassify)
    __hardfp_asin                            0x080024f9   Thumb Code   770  asin.o(i.__hardfp_asin)
    __hardfp_atan                            0x08002859   Thumb Code   622  atan.o(i.__hardfp_atan)
    __hardfp_atan2                           0x08002b31   Thumb Code   432  atan2.o(i.__hardfp_atan2)
    __kernel_poly                            0x08002d21   Thumb Code   248  poly.o(i.__kernel_poly)
    __mathlib_dbl_infnan                     0x08002e19   Thumb Code    20  dunder.o(i.__mathlib_dbl_infnan)
    __mathlib_dbl_infnan2                    0x08002e2d   Thumb Code    20  dunder.o(i.__mathlib_dbl_infnan2)
    __mathlib_dbl_invalid                    0x08002e41   Thumb Code    24  dunder.o(i.__mathlib_dbl_invalid)
    __mathlib_dbl_underflow                  0x08002e61   Thumb Code    24  dunder.o(i.__mathlib_dbl_underflow)
    __scatterload_copy                       0x08002e81   Thumb Code    14  handlers.o(i.__scatterload_copy)
    __scatterload_null                       0x08002e8f   Thumb Code     2  handlers.o(i.__scatterload_null)
    __scatterload_zeroinit                   0x08002e91   Thumb Code    14  handlers.o(i.__scatterload_zeroinit)
    __set_errno                              0x08002ea1   Thumb Code     6  errno.o(i.__set_errno)
    atan                                     0x0800375f   Thumb Code    16  atan.o(i.atan)
    dmp_enable_6x_lp_quat                    0x0800376f   Thumb Code    58  inv_mpu_dmp_motion_driver.o(i.dmp_enable_6x_lp_quat)
    dmp_enable_feature                       0x080037a9   Thumb Code   464  inv_mpu_dmp_motion_driver.o(i.dmp_enable_feature)
    dmp_enable_gyro_cal                      0x08003981   Thumb Code    34  inv_mpu_dmp_motion_driver.o(i.dmp_enable_gyro_cal)
    dmp_enable_lp_quat                       0x080039bd   Thumb Code    58  inv_mpu_dmp_motion_driver.o(i.dmp_enable_lp_quat)
    dmp_load_motion_driver_firmware          0x080039f9   Thumb Code    16  inv_mpu_dmp_motion_driver.o(i.dmp_load_motion_driver_firmware)
    dmp_read_fifo                            0x08003a0d   Thumb Code   324  inv_mpu_dmp_motion_driver.o(i.dmp_read_fifo)
    dmp_set_fifo_rate                        0x08003b55   Thumb Code    82  inv_mpu_dmp_motion_driver.o(i.dmp_set_fifo_rate)
    dmp_set_orientation                      0x08003bb9   Thumb Code   246  inv_mpu_dmp_motion_driver.o(i.dmp_set_orientation)
    dmp_set_shake_reject_thresh              0x08003cc5   Thumb Code    48  inv_mpu_dmp_motion_driver.o(i.dmp_set_shake_reject_thresh)
    dmp_set_shake_reject_time                0x08003cf5   Thumb Code    32  inv_mpu_dmp_motion_driver.o(i.dmp_set_shake_reject_time)
    dmp_set_shake_reject_timeout             0x08003d15   Thumb Code    32  inv_mpu_dmp_motion_driver.o(i.dmp_set_shake_reject_timeout)
    dmp_set_tap_axes                         0x08003d35   Thumb Code    64  inv_mpu_dmp_motion_driver.o(i.dmp_set_tap_axes)
    dmp_set_tap_count                        0x08003d75   Thumb Code    34  inv_mpu_dmp_motion_driver.o(i.dmp_set_tap_count)
    dmp_set_tap_thresh                       0x08003d99   Thumb Code   314  inv_mpu_dmp_motion_driver.o(i.dmp_set_tap_thresh)
    dmp_set_tap_time                         0x08003ef9   Thumb Code    32  inv_mpu_dmp_motion_driver.o(i.dmp_set_tap_time)
    dmp_set_tap_time_multi                   0x08003f19   Thumb Code    32  inv_mpu_dmp_motion_driver.o(i.dmp_set_tap_time_multi)
    fabs                                     0x08003f39   Thumb Code    24  fabs.o(i.fabs)
    fputc                                    0x08003f51   Thumb Code    24  usart.o(i.fputc)
    get_ms                                   0x08003f6d   Thumb Code     2  inv_mpu.o(i.get_ms)
    inv_orientation_matrix_to_scalar         0x08003f6f   Thumb Code    34  mpu6050.o(i.inv_orientation_matrix_to_scalar)
    inv_row_2_scale                          0x08003f91   Thumb Code    72  mpu6050.o(i.inv_row_2_scale)
    main                                     0x08003fd9   Thumb Code   136  main.o(i.main)
    mpu_configure_fifo                       0x080040b5   Thumb Code    78  inv_mpu.o(i.mpu_configure_fifo)
    mpu_dmp_get_data                         0x08004109   Thumb Code   344  mpu6050.o(i.mpu_dmp_get_data)
    mpu_dmp_init                             0x0800426d   Thumb Code   146  mpu6050.o(i.mpu_dmp_init)
    mpu_get_accel_fsr                        0x08004305   Thumb Code    54  inv_mpu.o(i.mpu_get_accel_fsr)
    mpu_init                                 0x08004341   Thumb Code   310  inv_mpu.o(i.mpu_init)
    mpu_load_firmware                        0x080044c9   Thumb Code   154  inv_mpu.o(i.mpu_load_firmware)
    mpu_lp_accel_mode                        0x08004569   Thumb Code   178  inv_mpu.o(i.mpu_lp_accel_mode)
    mpu_read_fifo_stream                     0x08004621   Thumb Code   140  inv_mpu.o(i.mpu_read_fifo_stream)
    mpu_read_mem                             0x080046b1   Thumb Code    80  inv_mpu.o(i.mpu_read_mem)
    mpu_reset_fifo                           0x08004705   Thumb Code   346  inv_mpu.o(i.mpu_reset_fifo)
    mpu_set_accel_fsr                        0x08004865   Thumb Code    98  inv_mpu.o(i.mpu_set_accel_fsr)
    mpu_set_bypass                           0x080048cd   Thumb Code   214  inv_mpu.o(i.mpu_set_bypass)
    mpu_set_dmp_state                        0x080049a9   Thumb Code   114  inv_mpu.o(i.mpu_set_dmp_state)
    mpu_set_gyro_fsr                         0x08004a21   Thumb Code   104  inv_mpu.o(i.mpu_set_gyro_fsr)
    mpu_set_int_latched                      0x08004a8d   Thumb Code    94  inv_mpu.o(i.mpu_set_int_latched)
    mpu_set_lpf                              0x08004af1   Thumb Code   102  inv_mpu.o(i.mpu_set_lpf)
    mpu_set_sample_rate                      0x08004b5d   Thumb Code   124  inv_mpu.o(i.mpu_set_sample_rate)
    mpu_set_sensors                          0x08004bdd   Thumb Code   178  inv_mpu.o(i.mpu_set_sensors)
    mpu_write_mem                            0x08004c95   Thumb Code    80  inv_mpu.o(i.mpu_write_mem)
    sqrt                                     0x08004d41   Thumb Code   110  sqrt.o(i.sqrt)
    reg                                      0x080059a4   Data          27  inv_mpu.o(.constdata)
    hw                                       0x080059c0   Data          12  inv_mpu.o(.constdata)
    test                                     0x080059cc   Data          40  inv_mpu.o(.constdata)
    AHBPrescTable                            0x080059f4   Data          16  system_stm32f4xx.o(.constdata)
    APBPrescTable                            0x08005a04   Data           8  system_stm32f4xx.o(.constdata)
    __mathlib_zero                           0x08005af8   Data           8  qnan.o(.constdata)
    Region$$Table$$Base                      0x08005b50   Number         0  anon$$obj.o(Region$$Table)
    Region$$Table$$Limit                     0x08005b70   Number         0  anon$$obj.o(Region$$Table)
    pitch                                    0x20000038   Data           4  mpu6050.o(.data)
    roll                                     0x2000003c   Data           4  mpu6050.o(.data)
    yaw                                      0x20000040   Data           4  mpu6050.o(.data)
    uwTickFreq                               0x20000044   Data           1  stm32f4xx_hal.o(.data)
    uwTickPrio                               0x20000048   Data           4  stm32f4xx_hal.o(.data)
    uwTick                                   0x2000004c   Data           4  stm32f4xx_hal.o(.data)
    SystemCoreClock                          0x20000050   Data           4  system_stm32f4xx.o(.data)
    __stdout                                 0x20000054   Data           4  stdout.o(.data)
    hi2c1                                    0x2000005c   Data          84  i2c.o(.bss)
    huart1                                   0x200000b0   Data          64  usart.o(.bss)
    __initial_sp                             0x20000900   Data           0  startup_stm32f407xx.o(STACK)



==============================================================================

Memory Map of the image

  Image Entry point : 0x08000189

  Load Region LR_IROM1 (Base: 0x08000000, Size: 0x00005bcc, Max: 0x00100000, ABSOLUTE)

    Execution Region ER_IROM1 (Exec base: 0x08000000, Load base: 0x08000000, Size: 0x00005b70, Max: 0x00100000, ABSOLUTE)

    Exec Addr    Load Addr    Size         Type   Attr      Idx    E Section Name        Object

    0x08000000   0x08000000   0x00000188   Data   RO            3    RESET               startup_stm32f407xx.o
    0x08000188   0x08000188   0x00000000   Code   RO         2840  * .ARM.Collect$$$$00000000  mc_w.l(entry.o)
    0x08000188   0x08000188   0x00000004   Code   RO         3175    .ARM.Collect$$$$00000001  mc_w.l(entry2.o)
    0x0800018c   0x0800018c   0x00000004   Code   RO         3178    .ARM.Collect$$$$00000004  mc_w.l(entry5.o)
    0x08000190   0x08000190   0x00000000   Code   RO         3180    .ARM.Collect$$$$00000008  mc_w.l(entry7b.o)
    0x08000190   0x08000190   0x00000000   Code   RO         3182    .ARM.Collect$$$$0000000A  mc_w.l(entry8b.o)
    0x08000190   0x08000190   0x00000008   Code   RO         3183    .ARM.Collect$$$$0000000B  mc_w.l(entry9a.o)
    0x08000198   0x08000198   0x00000000   Code   RO         3185    .ARM.Collect$$$$0000000D  mc_w.l(entry10a.o)
    0x08000198   0x08000198   0x00000000   Code   RO         3187    .ARM.Collect$$$$0000000F  mc_w.l(entry11a.o)
    0x08000198   0x08000198   0x00000004   Code   RO         3176    .ARM.Collect$$$$00002712  mc_w.l(entry2.o)
    0x0800019c   0x0800019c   0x00000024   Code   RO            4    .text               startup_stm32f407xx.o
    0x080001c0   0x080001c0   0x00000062   Code   RO         2843    .text               mc_w.l(uldiv.o)
    0x08000222   0x08000222   0x00000024   Code   RO         2847    .text               mc_w.l(memseta.o)
    0x08000246   0x08000246   0x0000001a   Code   RO         2849    .text               mc_w.l(memcmp.o)
    0x08000260   0x08000260   0x0000014e   Code   RO         3112    .text               mf_w.l(dadd.o)
    0x080003ae   0x080003ae   0x000000e4   Code   RO         3114    .text               mf_w.l(dmul.o)
    0x08000492   0x08000492   0x000000de   Code   RO         3116    .text               mf_w.l(ddiv.o)
    0x08000570   0x08000570   0x00000026   Code   RO         3120    .text               mf_w.l(f2d.o)
    0x08000596   0x08000596   0x00000038   Code   RO         3122    .text               mf_w.l(d2f.o)
    0x080005ce   0x080005ce   0x0000002c   Code   RO         3190    .text               mc_w.l(uidiv.o)
    0x080005fa   0x080005fa   0x0000001e   Code   RO         3192    .text               mc_w.l(llshl.o)
    0x08000618   0x08000618   0x00000020   Code   RO         3194    .text               mc_w.l(llushr.o)
    0x08000638   0x08000638   0x00000024   Code   RO         3196    .text               mc_w.l(llsshr.o)
    0x0800065c   0x0800065c   0x00000000   Code   RO         3205    .text               mc_w.l(iusefp.o)
    0x0800065c   0x0800065c   0x0000006e   Code   RO         3206    .text               mf_w.l(fepilogue.o)
    0x080006ca   0x080006ca   0x000000ba   Code   RO         3208    .text               mf_w.l(depilogue.o)
    0x08000784   0x08000784   0x00000030   Code   RO         3212    .text               mf_w.l(dfixul.o)
    0x080007b4   0x080007b4   0x00000030   Code   RO         3214    .text               mf_w.l(cdrcmple.o)
    0x080007e4   0x080007e4   0x00000024   Code   RO         3216    .text               mc_w.l(init.o)
    0x08000808   0x08000808   0x000000a2   Code   RO         3218    .text               mf_w.l(dsqrt.o)
    0x080008aa   0x080008aa   0x00000002   Code   RO          271    i.BusFault_Handler  stm32f4xx_it.o
    0x080008ac   0x080008ac   0x00000002   Code   RO          272    i.DebugMon_Handler  stm32f4xx_it.o
    0x080008ae   0x080008ae   0x00000002   PAD
    0x080008b0   0x080008b0   0x00000024   Code   RO         2253    i.HAL_Delay         stm32f4xx_hal.o
    0x080008d4   0x080008d4   0x000001b0   Code   RO         1727    i.HAL_GPIO_Init     stm32f4xx_hal_gpio.o
    0x08000a84   0x08000a84   0x0000000c   Code   RO         2259    i.HAL_GetTick       stm32f4xx_hal.o
    0x08000a90   0x08000a90   0x00000006   Code   RO          966    i.HAL_I2C_GetState  stm32f4xx_hal_i2c.o
    0x08000a96   0x08000a96   0x00000002   PAD
    0x08000a98   0x08000a98   0x00000108   Code   RO          967    i.HAL_I2C_Init      stm32f4xx_hal_i2c.o
    0x08000ba0   0x08000ba0   0x00000160   Code   RO          968    i.HAL_I2C_IsDeviceReady  stm32f4xx_hal_i2c.o
    0x08000d00   0x08000d00   0x000001fc   Code   RO          983    i.HAL_I2C_Mem_Read  stm32f4xx_hal_i2c.o
    0x08000efc   0x08000efc   0x0000013c   Code   RO          986    i.HAL_I2C_Mem_Write  stm32f4xx_hal_i2c.o
    0x08001038   0x08001038   0x0000004c   Code   RO          182    i.HAL_I2C_MspInit   i2c.o
    0x08001084   0x08001084   0x00000010   Code   RO         2263    i.HAL_IncTick       stm32f4xx_hal.o
    0x08001094   0x08001094   0x00000034   Code   RO         2264    i.HAL_Init          stm32f4xx_hal.o
    0x080010c8   0x080010c8   0x00000040   Code   RO         2265    i.HAL_InitTick      stm32f4xx_hal.o
    0x08001108   0x08001108   0x00000084   Code   RO          346    i.HAL_MspInit       stm32f4xx_hal_msp.o
    0x0800118c   0x0800118c   0x00000040   Code   RO         2122    i.HAL_NVIC_SetPriority  stm32f4xx_hal_cortex.o
    0x080011cc   0x080011cc   0x00000024   Code   RO         2123    i.HAL_NVIC_SetPriorityGrouping  stm32f4xx_hal_cortex.o
    0x080011f0   0x080011f0   0x00000002   Code   RO         1372    i.HAL_RCC_CSSCallback  stm32f4xx_hal_rcc.o
    0x080011f2   0x080011f2   0x00000002   PAD
    0x080011f4   0x080011f4   0x00000130   Code   RO         1373    i.HAL_RCC_ClockConfig  stm32f4xx_hal_rcc.o
    0x08001324   0x08001324   0x0000000c   Code   RO         1376    i.HAL_RCC_EnableCSS  stm32f4xx_hal_rcc.o
    0x08001330   0x08001330   0x0000000c   Code   RO         1378    i.HAL_RCC_GetHCLKFreq  stm32f4xx_hal_rcc.o
    0x0800133c   0x0800133c   0x00000020   Code   RO         1380    i.HAL_RCC_GetPCLK1Freq  stm32f4xx_hal_rcc.o
    0x0800135c   0x0800135c   0x00000020   Code   RO         1381    i.HAL_RCC_GetPCLK2Freq  stm32f4xx_hal_rcc.o
    0x0800137c   0x0800137c   0x00000060   Code   RO         1382    i.HAL_RCC_GetSysClockFreq  stm32f4xx_hal_rcc.o
    0x080013dc   0x080013dc   0x0000001c   Code   RO         1384    i.HAL_RCC_NMI_IRQHandler  stm32f4xx_hal_rcc.o
    0x080013f8   0x080013f8   0x0000031c   Code   RO         1385    i.HAL_RCC_OscConfig  stm32f4xx_hal_rcc.o
    0x08001714   0x08001714   0x00000018   Code   RO         2125    i.HAL_SYSTICK_CLKSourceConfig  stm32f4xx_hal_cortex.o
    0x0800172c   0x0800172c   0x00000002   Code   RO         2126    i.HAL_SYSTICK_Callback  stm32f4xx_hal_cortex.o
    0x0800172e   0x0800172e   0x00000028   Code   RO         2127    i.HAL_SYSTICK_Config  stm32f4xx_hal_cortex.o
    0x08001756   0x08001756   0x00000008   Code   RO         2128    i.HAL_SYSTICK_IRQHandler  stm32f4xx_hal_cortex.o
    0x0800175e   0x0800175e   0x00000062   Code   RO         2478    i.HAL_UART_Init     stm32f4xx_hal_uart.o
    0x080017c0   0x080017c0   0x0000004c   Code   RO          224    i.HAL_UART_MspInit  usart.o
    0x0800180c   0x0800180c   0x000000ba   Code   RO         2486    i.HAL_UART_Transmit  stm32f4xx_hal_uart.o
    0x080018c6   0x080018c6   0x00000002   PAD
    0x080018c8   0x080018c8   0x00000048   Code   RO          872    i.HAL_i2c_read      mpu6050.o
    0x08001910   0x08001910   0x00000044   Code   RO          873    i.HAL_i2c_write     mpu6050.o
    0x08001954   0x08001954   0x00000002   Code   RO          273    i.HardFault_Handler  stm32f4xx_it.o
    0x08001956   0x08001956   0x00000028   Code   RO         1005    i.I2C_IsAcknowledgeFailed  stm32f4xx_hal_i2c.o
    0x0800197e   0x0800197e   0x000000f0   Code   RO         1014    i.I2C_RequestMemoryRead  stm32f4xx_hal_i2c.o
    0x08001a6e   0x08001a6e   0x00000002   PAD
    0x08001a70   0x08001a70   0x000000a0   Code   RO         1015    i.I2C_RequestMemoryWrite  stm32f4xx_hal_i2c.o
    0x08001b10   0x08001b10   0x0000004e   Code   RO         1018    i.I2C_WaitOnBTFFlagUntilTimeout  stm32f4xx_hal_i2c.o
    0x08001b5e   0x08001b5e   0x00000060   Code   RO         1019    i.I2C_WaitOnFlagUntilTimeout  stm32f4xx_hal_i2c.o
    0x08001bbe   0x08001bbe   0x00000002   PAD
    0x08001bc0   0x08001bc0   0x00000088   Code   RO         1020    i.I2C_WaitOnMasterAddressFlagUntilTimeout  stm32f4xx_hal_i2c.o
    0x08001c48   0x08001c48   0x00000062   Code   RO         1021    i.I2C_WaitOnRXNEFlagUntilTimeout  stm32f4xx_hal_i2c.o
    0x08001caa   0x08001caa   0x0000004e   Code   RO         1022    i.I2C_WaitOnTXEFlagUntilTimeout  stm32f4xx_hal_i2c.o
    0x08001cf8   0x08001cf8   0x00000208   Code   RO          874    i.MPU_6050_Init     mpu6050.o
    0x08001f00   0x08001f00   0x0000005c   Code   RO          875    i.MPU_Set_LPF       mpu6050.o
    0x08001f5c   0x08001f5c   0x0000006c   Code   RO          157    i.MX_GPIO_Init      gpio.o
    0x08001fc8   0x08001fc8   0x00000054   Code   RO          183    i.MX_I2C1_Init      i2c.o
    0x0800201c   0x0800201c   0x0000004c   Code   RO          225    i.MX_USART1_UART_Init  usart.o
    0x08002068   0x08002068   0x00000002   Code   RO          274    i.MemManage_Handler  stm32f4xx_it.o
    0x0800206a   0x0800206a   0x00000004   Code   RO          275    i.NMI_Handler       stm32f4xx_it.o
    0x0800206e   0x0800206e   0x00000020   Code   RO         2129    i.NVIC_SetPriority  stm32f4xx_hal_cortex.o
    0x0800208e   0x0800208e   0x00000002   Code   RO          276    i.PendSV_Handler    stm32f4xx_it.o
    0x08002090   0x08002090   0x00000002   Code   RO          277    i.SVC_Handler       stm32f4xx_it.o
    0x08002092   0x08002092   0x0000000e   Code   RO          278    i.SysTick_Handler   stm32f4xx_it.o
    0x080020a0   0x080020a0   0x000000a0   Code   RO           13    i.SystemClock_Config  main.o
    0x08002140   0x08002140   0x00000054   Code   RO         2780    i.SystemInit        system_stm32f4xx.o
    0x08002194   0x08002194   0x000002ac   Code   RO         2504    i.UART_SetConfig    stm32f4xx_hal_uart.o
    0x08002440   0x08002440   0x00000064   Code   RO         2506    i.UART_WaitOnFlagUntilTimeout  stm32f4xx_hal_uart.o
    0x080024a4   0x080024a4   0x00000002   Code   RO          279    i.UsageFault_Handler  stm32f4xx_it.o
    0x080024a6   0x080024a6   0x00000002   Code   RO           14    i._Error_Handler    main.o
    0x080024a8   0x080024a8   0x00000020   Code   RO         3084    i.__0printf         mc_w.l(printfa.o)
    0x080024c8   0x080024c8   0x00000030   Code   RO         3158    i.__ARM_fpclassify  m_wm.l(fpclassify.o)
    0x080024f8   0x080024f8   0x00000360   Code   RO         2814    i.__hardfp_asin     m_wm.l(asin.o)
    0x08002858   0x08002858   0x000002d8   Code   RO         3124    i.__hardfp_atan     m_wm.l(atan.o)
    0x08002b30   0x08002b30   0x000001f0   Code   RO         2828    i.__hardfp_atan2    m_wm.l(atan2.o)
    0x08002d20   0x08002d20   0x000000f8   Code   RO         3160    i.__kernel_poly     m_wm.l(poly.o)
    0x08002e18   0x08002e18   0x00000014   Code   RO         3139    i.__mathlib_dbl_infnan  m_wm.l(dunder.o)
    0x08002e2c   0x08002e2c   0x00000014   Code   RO         3140    i.__mathlib_dbl_infnan2  m_wm.l(dunder.o)
    0x08002e40   0x08002e40   0x00000020   Code   RO         3141    i.__mathlib_dbl_invalid  m_wm.l(dunder.o)
    0x08002e60   0x08002e60   0x00000020   Code   RO         3144    i.__mathlib_dbl_underflow  m_wm.l(dunder.o)
    0x08002e80   0x08002e80   0x0000000e   Code   RO         3224    i.__scatterload_copy  mc_w.l(handlers.o)
    0x08002e8e   0x08002e8e   0x00000002   Code   RO         3225    i.__scatterload_null  mc_w.l(handlers.o)
    0x08002e90   0x08002e90   0x0000000e   Code   RO         3226    i.__scatterload_zeroinit  mc_w.l(handlers.o)
    0x08002e9e   0x08002e9e   0x00000002   PAD
    0x08002ea0   0x08002ea0   0x0000000c   Code   RO         3200    i.__set_errno       mc_w.l(errno.o)
    0x08002eac   0x08002eac   0x00000184   Code   RO         3091    i._fp_digits        mc_w.l(printfa.o)
    0x08003030   0x08003030   0x000006dc   Code   RO         3092    i._printf_core      mc_w.l(printfa.o)
    0x0800370c   0x0800370c   0x00000024   Code   RO         3093    i._printf_post_padding  mc_w.l(printfa.o)
    0x08003730   0x08003730   0x0000002e   Code   RO         3094    i._printf_pre_padding  mc_w.l(printfa.o)
    0x0800375e   0x0800375e   0x00000010   Code   RO         3126    i.atan              m_wm.l(atan.o)
    0x0800376e   0x0800376e   0x0000003a   Code   RO          370    i.dmp_enable_6x_lp_quat  inv_mpu_dmp_motion_driver.o
    0x080037a8   0x080037a8   0x000001d8   Code   RO          371    i.dmp_enable_feature  inv_mpu_dmp_motion_driver.o
    0x08003980   0x08003980   0x0000003c   Code   RO          372    i.dmp_enable_gyro_cal  inv_mpu_dmp_motion_driver.o
    0x080039bc   0x080039bc   0x0000003a   Code   RO          373    i.dmp_enable_lp_quat  inv_mpu_dmp_motion_driver.o
    0x080039f6   0x080039f6   0x00000002   PAD
    0x080039f8   0x080039f8   0x00000014   Code   RO          378    i.dmp_load_motion_driver_firmware  inv_mpu_dmp_motion_driver.o
    0x08003a0c   0x08003a0c   0x00000148   Code   RO          379    i.dmp_read_fifo     inv_mpu_dmp_motion_driver.o
    0x08003b54   0x08003b54   0x00000064   Code   RO          383    i.dmp_set_fifo_rate  inv_mpu_dmp_motion_driver.o
    0x08003bb8   0x08003bb8   0x0000010c   Code   RO          386    i.dmp_set_orientation  inv_mpu_dmp_motion_driver.o
    0x08003cc4   0x08003cc4   0x00000030   Code   RO          389    i.dmp_set_shake_reject_thresh  inv_mpu_dmp_motion_driver.o
    0x08003cf4   0x08003cf4   0x00000020   Code   RO          390    i.dmp_set_shake_reject_time  inv_mpu_dmp_motion_driver.o
    0x08003d14   0x08003d14   0x00000020   Code   RO          391    i.dmp_set_shake_reject_timeout  inv_mpu_dmp_motion_driver.o
    0x08003d34   0x08003d34   0x00000040   Code   RO          392    i.dmp_set_tap_axes  inv_mpu_dmp_motion_driver.o
    0x08003d74   0x08003d74   0x00000022   Code   RO          393    i.dmp_set_tap_count  inv_mpu_dmp_motion_driver.o
    0x08003d96   0x08003d96   0x00000002   PAD
    0x08003d98   0x08003d98   0x00000160   Code   RO          394    i.dmp_set_tap_thresh  inv_mpu_dmp_motion_driver.o
    0x08003ef8   0x08003ef8   0x00000020   Code   RO          395    i.dmp_set_tap_time  inv_mpu_dmp_motion_driver.o
    0x08003f18   0x08003f18   0x00000020   Code   RO          396    i.dmp_set_tap_time_multi  inv_mpu_dmp_motion_driver.o
    0x08003f38   0x08003f38   0x00000018   Code   RO         3154    i.fabs              m_wm.l(fabs.o)
    0x08003f50   0x08003f50   0x0000001c   Code   RO          226    i.fputc             usart.o
    0x08003f6c   0x08003f6c   0x00000002   Code   RO          573    i.get_ms            inv_mpu.o
    0x08003f6e   0x08003f6e   0x00000022   Code   RO          876    i.inv_orientation_matrix_to_scalar  mpu6050.o
    0x08003f90   0x08003f90   0x00000048   Code   RO          877    i.inv_row_2_scale   mpu6050.o
    0x08003fd8   0x08003fd8   0x000000dc   Code   RO           15    i.main              main.o
    0x080040b4   0x080040b4   0x00000054   Code   RO          576    i.mpu_configure_fifo  inv_mpu.o
    0x08004108   0x08004108   0x00000164   Code   RO          878    i.mpu_dmp_get_data  mpu6050.o
    0x0800426c   0x0800426c   0x00000098   Code   RO          879    i.mpu_dmp_init      mpu6050.o
    0x08004304   0x08004304   0x0000003c   Code   RO          577    i.mpu_get_accel_fsr  inv_mpu.o
    0x08004340   0x08004340   0x00000188   Code   RO          593    i.mpu_init          inv_mpu.o
    0x080044c8   0x080044c8   0x000000a0   Code   RO          594    i.mpu_load_firmware  inv_mpu.o
    0x08004568   0x08004568   0x000000b8   Code   RO          595    i.mpu_lp_accel_mode  inv_mpu.o
    0x08004620   0x08004620   0x00000090   Code   RO          598    i.mpu_read_fifo_stream  inv_mpu.o
    0x080046b0   0x080046b0   0x00000054   Code   RO          599    i.mpu_read_mem      inv_mpu.o
    0x08004704   0x08004704   0x00000160   Code   RO          602    i.mpu_reset_fifo    inv_mpu.o
    0x08004864   0x08004864   0x00000068   Code   RO          605    i.mpu_set_accel_fsr  inv_mpu.o
    0x080048cc   0x080048cc   0x000000dc   Code   RO          606    i.mpu_set_bypass    inv_mpu.o
    0x080049a8   0x080049a8   0x00000078   Code   RO          608    i.mpu_set_dmp_state  inv_mpu.o
    0x08004a20   0x08004a20   0x0000006c   Code   RO          609    i.mpu_set_gyro_fsr  inv_mpu.o
    0x08004a8c   0x08004a8c   0x00000064   Code   RO          610    i.mpu_set_int_latched  inv_mpu.o
    0x08004af0   0x08004af0   0x0000006c   Code   RO          612    i.mpu_set_lpf       inv_mpu.o
    0x08004b5c   0x08004b5c   0x00000080   Code   RO          613    i.mpu_set_sample_rate  inv_mpu.o
    0x08004bdc   0x08004bdc   0x000000b8   Code   RO          614    i.mpu_set_sensors   inv_mpu.o
    0x08004c94   0x08004c94   0x00000054   Code   RO          615    i.mpu_write_mem     inv_mpu.o
    0x08004ce8   0x08004ce8   0x00000058   Code   RO          616    i.set_int_enable    inv_mpu.o
    0x08004d40   0x08004d40   0x0000006e   Code   RO         3165    i.sqrt              m_wm.l(sqrt.o)
    0x08004dae   0x08004dae   0x00000bf6   Data   RO          398    .constdata          inv_mpu_dmp_motion_driver.o
    0x080059a4   0x080059a4   0x0000001b   Data   RO          617    .constdata          inv_mpu.o
    0x080059bf   0x080059bf   0x00000001   PAD
    0x080059c0   0x080059c0   0x0000000c   Data   RO          618    .constdata          inv_mpu.o
    0x080059cc   0x080059cc   0x00000028   Data   RO          619    .constdata          inv_mpu.o
    0x080059f4   0x080059f4   0x00000010   Data   RO         2781    .constdata          system_stm32f4xx.o
    0x08005a04   0x08005a04   0x00000008   Data   RO         2782    .constdata          system_stm32f4xx.o
    0x08005a0c   0x08005a0c   0x00000004   PAD
    0x08005a10   0x08005a10   0x00000050   Data   RO         2817    .constdata          m_wm.l(asin.o)
    0x08005a60   0x08005a60   0x00000098   Data   RO         3127    .constdata          m_wm.l(atan.o)
    0x08005af8   0x08005af8   0x00000008   Data   RO         3162    .constdata          m_wm.l(qnan.o)
    0x08005b00   0x08005b00   0x0000004d   Data   RO          620    .conststring        inv_mpu.o
    0x08005b4d   0x08005b4d   0x00000003   PAD
    0x08005b50   0x08005b50   0x00000020   Data   RO         3222    Region$$Table       anon$$obj.o


    Execution Region RW_IRAM1 (Exec base: 0x20000000, Load base: 0x08005b70, Size: 0x00000900, Max: 0x00020000, ABSOLUTE)

    Exec Addr    Load Addr    Size         Type   Attr      Idx    E Section Name        Object

    0x20000000   0x08005b70   0x0000002c   Data   RW          621    .data               inv_mpu.o
    0x2000002c   0x08005b9c   0x00000009   Data   RW          882    .data               mpu6050.o
    0x20000035   0x08005ba5   0x00000003   PAD
    0x20000038   0x08005ba8   0x00000004   Data   RW          883    .data               mpu6050.o
    0x2000003c   0x08005bac   0x00000004   Data   RW          884    .data               mpu6050.o
    0x20000040   0x08005bb0   0x00000004   Data   RW          885    .data               mpu6050.o
    0x20000044   0x08005bb4   0x0000000c   Data   RW         2271    .data               stm32f4xx_hal.o
    0x20000050   0x08005bc0   0x00000004   Data   RW         2783    .data               system_stm32f4xx.o
    0x20000054   0x08005bc4   0x00000004   Data   RW         3189    .data               mc_w.l(stdout.o)
    0x20000058   0x08005bc8   0x00000004   Data   RW         3201    .data               mc_w.l(errno.o)
    0x2000005c        -       0x00000054   Zero   RW          184    .bss                i2c.o
    0x200000b0        -       0x00000040   Zero   RW          227    .bss                usart.o
    0x200000f0        -       0x00000010   Zero   RW          397    .bss                inv_mpu_dmp_motion_driver.o
    0x20000100        -       0x00000800   Zero   RW            1    STACK               startup_stm32f407xx.o


==============================================================================

Image component sizes


      Code (inc. data)   RO Data    RW Data    ZI Data      Debug   Object Name

       108         14          0          0          0        987   gpio.o
       160         42          0          0         84       1729   i2c.o
      2706        172        156         44          0      19490   inv_mpu.o
      1990        120       3062          0         16      18801   inv_mpu_dmp_motion_driver.o
       382         92          0          0          0     662652   main.o
      1366        106          0         21          0       7221   mpu6050.o
        36          8        392          0       2048        860   startup_stm32f407xx.o
       180         28          0         12          0       4793   stm32f4xx_hal.o
       206         14          0          0          0      31712   stm32f4xx_hal_cortex.o
       432         44          0          0          0       1828   stm32f4xx_hal_gpio.o
      2372         44          0          0          0      15353   stm32f4xx_hal_i2c.o
       132          6          0          0          0        970   stm32f4xx_hal_msp.o
      1314         90          0          0          0       7579   stm32f4xx_hal_rcc.o
      1068          8          0          0          0       4284   stm32f4xx_hal_uart.o
        32          0          0          0          0       4410   stm32f4xx_it.o
        84         18         24          4          0       1251   system_stm32f4xx.o
       180         40          0          0         64       2370   usart.o

    ----------------------------------------------------------------------
     12764        846       3674         84       2212     786290   Object Totals
         0          0         32          0          0          0   (incl. Generated)
        16          0          8          3          0          0   (incl. Padding)

    ----------------------------------------------------------------------

      Code (inc. data)   RO Data    RW Data    ZI Data      Debug   Library Member Name

       864         94         80          0          0        280   asin.o
       744        106        152          0          0        352   atan.o
       496         64          0          0          0        192   atan2.o
       104         16          0          0          0        496   dunder.o
        24          0          0          0          0        124   fabs.o
        48          0          0          0          0        124   fpclassify.o
       248          0          0          0          0        152   poly.o
         0          0          8          0          0          0   qnan.o
       110          0          0          0          0        148   sqrt.o
         0          0          0          0          0          0   entry.o
         0          0          0          0          0          0   entry10a.o
         0          0          0          0          0          0   entry11a.o
         8          4          0          0          0          0   entry2.o
         4          0          0          0          0          0   entry5.o
         0          0          0          0          0          0   entry7b.o
         0          0          0          0          0          0   entry8b.o
         8          4          0          0          0          0   entry9a.o
        12          6          0          4          0         68   errno.o
        30          0          0          0          0          0   handlers.o
        36          8          0          0          0         68   init.o
         0          0          0          0          0          0   iusefp.o
        30          0          0          0          0         68   llshl.o
        36          0          0          0          0         68   llsshr.o
        32          0          0          0          0         68   llushr.o
        26          0          0          0          0         80   memcmp.o
        36          0          0          0          0        108   memseta.o
      2258         90          0          0          0        452   printfa.o
         0          0          0          4          0          0   stdout.o
        44          0          0          0          0         80   uidiv.o
        98          0          0          0          0         92   uldiv.o
        48          0          0          0          0         68   cdrcmple.o
        56          0          0          0          0         88   d2f.o
       334          0          0          0          0        148   dadd.o
       222          0          0          0          0        100   ddiv.o
       186          0          0          0          0        176   depilogue.o
        48          0          0          0          0         68   dfixul.o
       228          0          0          0          0         96   dmul.o
       162          0          0          0          0        100   dsqrt.o
        38          0          0          0          0         68   f2d.o
       110          0          0          0          0        168   fepilogue.o

    ----------------------------------------------------------------------
      6730        392        240          8          0       4100   Library Totals
         2          0          0          0          0          0   (incl. Padding)

    ----------------------------------------------------------------------

      Code (inc. data)   RO Data    RW Data    ZI Data      Debug   Library Name

      2638        280        240          0          0       1868   m_wm.l
      2658        112          0          8          0       1152   mc_w.l
      1432          0          0          0          0       1080   mf_w.l

    ----------------------------------------------------------------------
      6730        392        240          8          0       4100   Library Totals

    ----------------------------------------------------------------------

==============================================================================


      Code (inc. data)   RO Data    RW Data    ZI Data      Debug   

     19494       1238       3914         92       2212     778802   Grand Totals
     19494       1238       3914         92       2212     778802   ELF Image Totals
     19494       1238       3914         92          0          0   ROM Totals

==============================================================================

    Total RO  Size (Code + RO Data)                23408 (  22.86kB)
    Total RW  Size (RW Data + ZI Data)              2304 (   2.25kB)
    Total ROM Size (Code + RO Data + RW Data)      23500 (  22.95kB)

==============================================================================

